D [2024-11-25 09:29:43.433]: VE2024-11-25-9-29-40
D [2024-11-25 09:29:43.433]: /VE2024-11-25-9-29-40
I [2024-11-25 09:29:43.494]: 新建项目拷贝标定文件开始

I [2024-11-25 09:29:44.125]: imageinfo updata view failed！
I [2024-11-25 09:29:44.128]: imageinfo updata view failed！
I [2024-11-25 09:29:50.583]: calc start
I [2024-11-25 09:29:50.586]: calc over
I [2024-11-25 09:29:50.631]: calc start
I [2024-11-25 09:29:50.634]: calc over
I [2024-11-25 09:29:50.681]: calc start
I [2024-11-25 09:29:50.683]: calc over
I [2024-11-25 09:29:50.684]: begin replot()
I [2024-11-25 09:29:50.687]: end replot()
I [2024-11-25 09:29:50.731]: calc start
I [2024-11-25 09:29:50.733]: calc over
I [2024-11-25 09:29:50.734]: begin replot()
I [2024-11-25 09:29:50.737]: end replot()
I [2024-11-25 09:29:50.781]: calc start
I [2024-11-25 09:29:50.784]: calc over
I [2024-11-25 09:29:50.831]: calc start
I [2024-11-25 09:29:50.833]: calc over
I [2024-11-25 09:29:50.834]: begin replot()
I [2024-11-25 09:29:50.837]: end replot()
I [2024-11-25 09:29:50.881]: calc start
I [2024-11-25 09:29:50.884]: calc over
I [2024-11-25 09:29:50.931]: calc start
I [2024-11-25 09:29:50.934]: calc over
I [2024-11-25 09:29:50.934]: begin replot()
I [2024-11-25 09:29:50.936]: end replot()
I [2024-11-25 09:29:50.981]: calc start
I [2024-11-25 09:29:50.983]: calc over
I [2024-11-25 09:29:51.031]: calc start
I [2024-11-25 09:29:51.033]: calc over
I [2024-11-25 09:29:51.034]: begin replot()
I [2024-11-25 09:29:51.037]: end replot()
I [2024-11-25 09:29:51.081]: calc start
I [2024-11-25 09:29:51.084]: calc over
I [2024-11-25 09:29:51.084]: begin replot()
I [2024-11-25 09:29:51.087]: end replot()
I [2024-11-25 09:29:51.131]: calc start
I [2024-11-25 09:29:51.134]: calc over
I [2024-11-25 09:29:51.181]: calc start
I [2024-11-25 09:29:51.183]: calc over
I [2024-11-25 09:29:51.184]: begin replot()
I [2024-11-25 09:29:51.186]: end replot()
I [2024-11-25 09:29:51.231]: calc start
I [2024-11-25 09:29:51.233]: calc over
I [2024-11-25 09:29:51.281]: calc start
I [2024-11-25 09:29:51.283]: calc over
I [2024-11-25 09:29:51.284]: begin replot()
I [2024-11-25 09:29:51.286]: end replot()
I [2024-11-25 09:29:51.331]: calc start
I [2024-11-25 09:29:51.334]: calc over
I [2024-11-25 09:29:51.382]: calc start
I [2024-11-25 09:29:51.384]: calc over
I [2024-11-25 09:29:51.384]: begin replot()
I [2024-11-25 09:29:51.386]: end replot()
I [2024-11-25 09:29:51.431]: calc start
I [2024-11-25 09:29:51.433]: calc over
I [2024-11-25 09:29:51.481]: calc start
I [2024-11-25 09:29:51.483]: calc over
I [2024-11-25 09:29:51.484]: begin replot()
I [2024-11-25 09:29:51.486]: end replot()
I [2024-11-25 09:29:51.531]: calc start
I [2024-11-25 09:29:51.533]: calc over
I [2024-11-25 09:29:51.582]: calc start
I [2024-11-25 09:29:51.584]: calc over
I [2024-11-25 09:29:51.584]: begin replot()
I [2024-11-25 09:29:51.586]: end replot()
I [2024-11-25 09:29:51.631]: calc start
I [2024-11-25 09:29:51.634]: calc over
I [2024-11-25 09:29:51.681]: calc start
I [2024-11-25 09:29:51.683]: calc over
I [2024-11-25 09:29:51.684]: begin replot()
I [2024-11-25 09:29:51.686]: end replot()
I [2024-11-25 09:29:51.731]: calc start
I [2024-11-25 09:29:51.733]: calc over
I [2024-11-25 09:29:51.781]: calc start
I [2024-11-25 09:29:51.784]: calc over
I [2024-11-25 09:29:51.784]: begin replot()
I [2024-11-25 09:29:51.787]: end replot()
I [2024-11-25 09:29:51.831]: calc start
I [2024-11-25 09:29:51.833]: calc over
I [2024-11-25 09:29:51.881]: calc start
I [2024-11-25 09:29:51.883]: calc over
I [2024-11-25 09:29:51.884]: begin replot()
I [2024-11-25 09:29:51.886]: end replot()
I [2024-11-25 09:29:51.931]: calc start
I [2024-11-25 09:29:51.934]: calc over
I [2024-11-25 09:29:52.959]: begin replot()
I [2024-11-25 09:29:52.962]: end replot()
D [2024-11-25 09:44:35.621]: Mask析构
