D [2024-11-25 09:15:56.515]: VE2024-11-25-9-15-48
D [2024-11-25 09:15:56.515]: /VE2024-11-25-9-15-48
I [2024-11-25 09:15:56.576]: 新建项目拷贝标定文件开始

I [2024-11-25 09:16:08.659]: calc start
I [2024-11-25 09:16:08.663]: calc over
I [2024-11-25 09:16:08.709]: calc start
I [2024-11-25 09:16:08.711]: calc over
I [2024-11-25 09:16:08.758]: calc start
I [2024-11-25 09:16:08.761]: calc over
I [2024-11-25 09:16:08.780]: begin replot()
I [2024-11-25 09:16:08.809]: calc start
I [2024-11-25 09:16:08.811]: calc over
I [2024-11-25 09:16:08.814]: end replot()
I [2024-11-25 09:16:08.859]: calc start
I [2024-11-25 09:16:08.861]: calc over
I [2024-11-25 09:16:08.861]: begin replot()
I [2024-11-25 09:16:08.864]: end replot()
I [2024-11-25 09:16:08.909]: calc start
I [2024-11-25 09:16:08.911]: calc over
I [2024-11-25 09:16:08.912]: begin replot()
I [2024-11-25 09:16:08.914]: end replot()
I [2024-11-25 09:16:08.959]: calc start
I [2024-11-25 09:16:08.961]: calc over
I [2024-11-25 09:16:09.009]: calc start
I [2024-11-25 09:16:09.011]: calc over
I [2024-11-25 09:16:09.012]: begin replot()
I [2024-11-25 09:16:09.015]: end replot()
I [2024-11-25 09:16:09.059]: calc start
I [2024-11-25 09:16:09.061]: calc over
I [2024-11-25 09:16:09.108]: calc start
I [2024-11-25 09:16:09.110]: calc over
I [2024-11-25 09:16:09.158]: calc start
I [2024-11-25 09:16:09.161]: calc over
I [2024-11-25 09:16:09.161]: begin replot()
I [2024-11-25 09:16:09.164]: end replot()
I [2024-11-25 09:16:09.208]: calc start
I [2024-11-25 09:16:09.210]: calc over
I [2024-11-25 09:16:09.258]: calc start
I [2024-11-25 09:16:09.261]: calc over
I [2024-11-25 09:16:09.272]: begin replot()
I [2024-11-25 09:16:09.274]: end replot()
I [2024-11-25 09:16:09.308]: calc start
I [2024-11-25 09:16:09.311]: calc over
I [2024-11-25 09:16:09.358]: calc start
I [2024-11-25 09:16:09.360]: calc over
I [2024-11-25 09:16:09.361]: begin replot()
I [2024-11-25 09:16:09.363]: end replot()
