D [2024-11-25 09:22:34.635]: VE2024-11-25-9-22-27
D [2024-11-25 09:22:34.635]: /VE2024-11-25-9-22-27
I [2024-11-25 09:22:34.721]: 新建项目拷贝标定文件开始

I [2024-11-25 09:22:44.151]: calc start
I [2024-11-25 09:22:44.154]: calc over
I [2024-11-25 09:22:44.200]: calc start
I [2024-11-25 09:22:44.202]: calc over
I [2024-11-25 09:22:44.250]: calc start
I [2024-11-25 09:22:44.252]: calc over
I [2024-11-25 09:22:44.274]: begin replot()
I [2024-11-25 09:22:44.300]: calc start
I [2024-11-25 09:22:44.302]: calc over
I [2024-11-25 09:22:44.310]: end replot()
I [2024-11-25 09:22:44.350]: calc start
I [2024-11-25 09:22:44.352]: calc over
I [2024-11-25 09:22:44.353]: begin replot()
I [2024-11-25 09:22:44.355]: end replot()
I [2024-11-25 09:22:44.400]: calc start
I [2024-11-25 09:22:44.402]: calc over
I [2024-11-25 09:22:44.450]: calc start
I [2024-11-25 09:22:44.452]: calc over
I [2024-11-25 09:22:44.452]: begin replot()
I [2024-11-25 09:22:44.455]: end replot()
I [2024-11-25 09:22:44.500]: calc start
I [2024-11-25 09:22:44.502]: calc over
I [2024-11-25 09:22:44.550]: calc start
I [2024-11-25 09:22:44.552]: calc over
I [2024-11-25 09:22:44.552]: begin replot()
I [2024-11-25 09:22:44.555]: end replot()
I [2024-11-25 09:22:44.600]: calc start
I [2024-11-25 09:22:44.602]: calc over
I [2024-11-25 09:22:44.650]: calc start
I [2024-11-25 09:22:44.652]: calc over
I [2024-11-25 09:22:44.652]: begin replot()
I [2024-11-25 09:22:44.654]: end replot()
I [2024-11-25 09:22:44.700]: calc start
I [2024-11-25 09:22:44.702]: calc over
I [2024-11-25 09:22:44.716]: begin replot()
I [2024-11-25 09:22:44.718]: end replot()
I [2024-11-25 09:22:44.750]: calc start
I [2024-11-25 09:22:44.752]: calc over
I [2024-11-25 09:22:45.797]: begin replot()
I [2024-11-25 09:22:45.801]: end replot()
D [2024-11-25 09:27:57.407]: 刷新视图开始:
I [2024-11-25 09:28:01.665]: calc start
I [2024-11-25 09:28:01.668]: calc over
I [2024-11-25 09:28:01.714]: calc start
I [2024-11-25 09:28:01.718]: calc over
I [2024-11-25 09:28:01.720]: begin replot()
I [2024-11-25 09:28:01.722]: end replot()
I [2024-11-25 09:28:01.764]: calc start
I [2024-11-25 09:28:01.768]: calc over
I [2024-11-25 09:28:01.814]: calc start
I [2024-11-25 09:28:01.818]: calc over
I [2024-11-25 09:28:01.864]: calc start
I [2024-11-25 09:28:01.868]: calc over
I [2024-11-25 09:28:01.868]: begin replot()
I [2024-11-25 09:28:01.871]: end replot()
I [2024-11-25 09:28:01.914]: calc start
I [2024-11-25 09:28:01.918]: calc over
I [2024-11-25 09:28:01.964]: calc start
I [2024-11-25 09:28:01.968]: calc over
I [2024-11-25 09:28:01.968]: begin replot()
I [2024-11-25 09:28:01.971]: end replot()
I [2024-11-25 09:28:02.014]: calc start
I [2024-11-25 09:28:02.018]: calc over
I [2024-11-25 09:28:02.064]: calc start
I [2024-11-25 09:28:02.068]: calc over
I [2024-11-25 09:28:02.068]: begin replot()
I [2024-11-25 09:28:02.071]: end replot()
I [2024-11-25 09:28:02.114]: calc start
I [2024-11-25 09:28:02.118]: calc over
I [2024-11-25 09:28:02.164]: calc start
I [2024-11-25 09:28:02.168]: calc over
I [2024-11-25 09:28:02.168]: begin replot()
I [2024-11-25 09:28:02.171]: end replot()
I [2024-11-25 09:28:02.214]: calc start
I [2024-11-25 09:28:02.218]: calc over
I [2024-11-25 09:28:02.264]: calc start
I [2024-11-25 09:28:02.268]: calc over
I [2024-11-25 09:28:02.268]: begin replot()
I [2024-11-25 09:28:02.271]: end replot()
I [2024-11-25 09:28:02.314]: calc start
I [2024-11-25 09:28:02.318]: calc over
I [2024-11-25 09:28:02.364]: calc start
I [2024-11-25 09:28:02.368]: calc over
I [2024-11-25 09:28:02.368]: begin replot()
I [2024-11-25 09:28:02.371]: end replot()
I [2024-11-25 09:28:02.414]: calc start
I [2024-11-25 09:28:02.418]: calc over
I [2024-11-25 09:28:02.464]: calc start
I [2024-11-25 09:28:02.468]: calc over
I [2024-11-25 09:28:02.468]: begin replot()
I [2024-11-25 09:28:02.471]: end replot()
I [2024-11-25 09:28:02.514]: calc start
I [2024-11-25 09:28:02.518]: calc over
I [2024-11-25 09:28:02.564]: calc start
I [2024-11-25 09:28:02.568]: calc over
I [2024-11-25 09:28:02.568]: begin replot()
I [2024-11-25 09:28:02.571]: end replot()
I [2024-11-25 09:28:02.614]: calc start
I [2024-11-25 09:28:02.618]: calc over
I [2024-11-25 09:28:02.664]: calc start
I [2024-11-25 09:28:02.668]: calc over
I [2024-11-25 09:28:02.668]: begin replot()
I [2024-11-25 09:28:02.671]: end replot()
I [2024-11-25 09:28:02.714]: calc start
I [2024-11-25 09:28:02.718]: calc over
I [2024-11-25 09:28:02.764]: calc start
I [2024-11-25 09:28:02.768]: calc over
I [2024-11-25 09:28:02.769]: begin replot()
I [2024-11-25 09:28:02.771]: end replot()
I [2024-11-25 09:28:02.814]: calc start
I [2024-11-25 09:28:02.818]: calc over
I [2024-11-25 09:28:02.864]: calc start
I [2024-11-25 09:28:02.868]: calc over
I [2024-11-25 09:28:02.868]: begin replot()
I [2024-11-25 09:28:02.871]: end replot()
I [2024-11-25 09:28:02.914]: calc start
I [2024-11-25 09:28:02.918]: calc over
I [2024-11-25 09:28:02.964]: calc start
I [2024-11-25 09:28:02.968]: calc over
I [2024-11-25 09:28:02.968]: begin replot()
I [2024-11-25 09:28:02.971]: end replot()
I [2024-11-25 09:28:03.014]: calc start
I [2024-11-25 09:28:03.018]: calc over
I [2024-11-25 09:28:03.064]: calc start
I [2024-11-25 09:28:03.068]: calc over
I [2024-11-25 09:28:03.068]: begin replot()
I [2024-11-25 09:28:03.071]: end replot()
I [2024-11-25 09:28:03.114]: calc start
I [2024-11-25 09:28:03.118]: calc over
I [2024-11-25 09:28:03.164]: calc start
I [2024-11-25 09:28:03.168]: calc over
I [2024-11-25 09:28:03.168]: begin replot()
I [2024-11-25 09:28:03.171]: end replot()
I [2024-11-25 09:28:03.214]: calc start
I [2024-11-25 09:28:03.218]: calc over
I [2024-11-25 09:28:03.264]: calc start
I [2024-11-25 09:28:03.268]: calc over
I [2024-11-25 09:28:03.268]: begin replot()
I [2024-11-25 09:28:03.271]: end replot()
I [2024-11-25 09:28:03.314]: calc start
I [2024-11-25 09:28:03.318]: calc over
I [2024-11-25 09:28:03.318]: begin replot()
I [2024-11-25 09:28:03.321]: end replot()
I [2024-11-25 09:28:03.364]: calc start
I [2024-11-25 09:28:03.368]: calc over
I [2024-11-25 09:28:03.414]: calc start
I [2024-11-25 09:28:03.418]: calc over
I [2024-11-25 09:28:03.418]: begin replot()
I [2024-11-25 09:28:03.421]: end replot()
I [2024-11-25 09:28:03.464]: calc start
I [2024-11-25 09:28:03.468]: calc over
I [2024-11-25 09:28:03.514]: calc start
I [2024-11-25 09:28:03.518]: calc over
I [2024-11-25 09:28:03.518]: begin replot()
I [2024-11-25 09:28:03.521]: end replot()
I [2024-11-25 09:28:03.564]: calc start
I [2024-11-25 09:28:03.568]: calc over
I [2024-11-25 09:28:03.614]: calc start
I [2024-11-25 09:28:03.618]: calc over
I [2024-11-25 09:28:03.618]: begin replot()
I [2024-11-25 09:28:03.621]: end replot()
I [2024-11-25 09:28:03.664]: calc start
I [2024-11-25 09:28:03.668]: calc over
I [2024-11-25 09:28:03.714]: calc start
I [2024-11-25 09:28:03.718]: calc over
I [2024-11-25 09:28:03.719]: begin replot()
I [2024-11-25 09:28:03.722]: end replot()
I [2024-11-25 09:28:03.764]: calc start
I [2024-11-25 09:28:03.768]: calc over
I [2024-11-25 09:28:03.814]: calc start
I [2024-11-25 09:28:03.818]: calc over
I [2024-11-25 09:28:03.818]: begin replot()
I [2024-11-25 09:28:03.821]: end replot()
I [2024-11-25 09:28:03.864]: calc start
I [2024-11-25 09:28:03.868]: calc over
I [2024-11-25 09:28:03.914]: calc start
I [2024-11-25 09:28:03.918]: calc over
I [2024-11-25 09:28:03.918]: begin replot()
I [2024-11-25 09:28:03.921]: end replot()
I [2024-11-25 09:28:03.964]: calc start
I [2024-11-25 09:28:03.968]: calc over
I [2024-11-25 09:28:03.969]: begin replot()
I [2024-11-25 09:28:03.972]: end replot()
I [2024-11-25 09:28:04.014]: calc start
I [2024-11-25 09:28:04.018]: calc over
I [2024-11-25 09:28:04.065]: calc start
I [2024-11-25 09:28:04.068]: calc over
I [2024-11-25 09:28:04.068]: begin replot()
I [2024-11-25 09:28:04.071]: end replot()
I [2024-11-25 09:28:04.114]: calc start
I [2024-11-25 09:28:04.118]: calc over
I [2024-11-25 09:28:04.164]: calc start
I [2024-11-25 09:28:04.168]: calc over
I [2024-11-25 09:28:04.168]: begin replot()
I [2024-11-25 09:28:04.171]: end replot()
I [2024-11-25 09:28:04.214]: calc start
I [2024-11-25 09:28:04.218]: calc over
I [2024-11-25 09:28:04.264]: calc start
I [2024-11-25 09:28:04.268]: calc over
I [2024-11-25 09:28:04.268]: begin replot()
I [2024-11-25 09:28:04.271]: end replot()
I [2024-11-25 09:28:04.314]: calc start
I [2024-11-25 09:28:04.318]: calc over
I [2024-11-25 09:28:04.364]: calc start
I [2024-11-25 09:28:04.368]: calc over
I [2024-11-25 09:28:04.368]: begin replot()
I [2024-11-25 09:28:04.371]: end replot()
I [2024-11-25 09:28:04.414]: calc start
I [2024-11-25 09:28:04.418]: calc over
I [2024-11-25 09:28:04.464]: calc start
I [2024-11-25 09:28:04.468]: calc over
I [2024-11-25 09:28:04.468]: begin replot()
I [2024-11-25 09:28:04.471]: end replot()
I [2024-11-25 09:28:04.514]: calc start
I [2024-11-25 09:28:04.518]: calc over
I [2024-11-25 09:28:04.564]: calc start
I [2024-11-25 09:28:04.568]: calc over
I [2024-11-25 09:28:04.568]: begin replot()
I [2024-11-25 09:28:04.571]: end replot()
I [2024-11-25 09:28:04.614]: calc start
I [2024-11-25 09:28:04.618]: calc over
I [2024-11-25 09:28:04.664]: calc start
I [2024-11-25 09:28:04.668]: calc over
I [2024-11-25 09:28:04.668]: begin replot()
I [2024-11-25 09:28:04.671]: end replot()
I [2024-11-25 09:28:04.714]: calc start
I [2024-11-25 09:28:04.718]: calc over
I [2024-11-25 09:28:04.764]: calc start
I [2024-11-25 09:28:04.768]: calc over
I [2024-11-25 09:28:04.768]: begin replot()
I [2024-11-25 09:28:04.771]: end replot()
I [2024-11-25 09:28:04.814]: calc start
I [2024-11-25 09:28:04.818]: calc over
I [2024-11-25 09:28:04.864]: calc start
I [2024-11-25 09:28:04.868]: calc over
I [2024-11-25 09:28:04.868]: begin replot()
I [2024-11-25 09:28:04.871]: end replot()
I [2024-11-25 09:28:04.914]: calc start
I [2024-11-25 09:28:04.918]: calc over
I [2024-11-25 09:28:04.964]: calc start
I [2024-11-25 09:28:04.968]: calc over
I [2024-11-25 09:28:04.968]: begin replot()
I [2024-11-25 09:28:04.971]: end replot()
I [2024-11-25 09:28:05.014]: calc start
I [2024-11-25 09:28:05.018]: calc over
I [2024-11-25 09:28:05.064]: calc start
I [2024-11-25 09:28:05.068]: calc over
I [2024-11-25 09:28:05.068]: begin replot()
I [2024-11-25 09:28:05.071]: end replot()
I [2024-11-25 09:28:05.114]: calc start
I [2024-11-25 09:28:05.118]: calc over
I [2024-11-25 09:28:05.164]: calc start
I [2024-11-25 09:28:05.167]: calc over
I [2024-11-25 09:28:05.168]: begin replot()
I [2024-11-25 09:28:05.171]: end replot()
I [2024-11-25 09:28:05.214]: calc start
I [2024-11-25 09:28:05.218]: calc over
I [2024-11-25 09:28:05.264]: calc start
I [2024-11-25 09:28:05.268]: calc over
I [2024-11-25 09:28:05.268]: begin replot()
I [2024-11-25 09:28:05.271]: end replot()
I [2024-11-25 09:28:05.314]: calc start
I [2024-11-25 09:28:05.318]: calc over
I [2024-11-25 09:28:05.364]: calc start
I [2024-11-25 09:28:05.368]: calc over
I [2024-11-25 09:28:05.368]: begin replot()
I [2024-11-25 09:28:05.371]: end replot()
I [2024-11-25 09:28:05.414]: calc start
I [2024-11-25 09:28:05.417]: calc over
I [2024-11-25 09:28:05.464]: calc start
I [2024-11-25 09:28:05.468]: calc over
I [2024-11-25 09:28:05.468]: begin replot()
I [2024-11-25 09:28:05.471]: end replot()
I [2024-11-25 09:28:05.514]: calc start
I [2024-11-25 09:28:05.518]: calc over
I [2024-11-25 09:28:05.564]: calc start
I [2024-11-25 09:28:05.568]: calc over
I [2024-11-25 09:28:05.568]: begin replot()
I [2024-11-25 09:28:05.570]: end replot()
I [2024-11-25 09:28:05.614]: calc start
I [2024-11-25 09:28:05.618]: calc over
I [2024-11-25 09:28:05.664]: calc start
I [2024-11-25 09:28:05.668]: calc over
I [2024-11-25 09:28:05.668]: begin replot()
I [2024-11-25 09:28:05.671]: end replot()
