D [2024-11-25 09:11:31.787]: VE2024-11-25-9-6-39
D [2024-11-25 09:11:31.787]: /VE2024-11-25-9-6-39
I [2024-11-25 09:11:31.902]: 新建项目拷贝标定文件开始

I [2024-11-25 09:11:53.782]: calc start
I [2024-11-25 09:11:53.785]: calc over
I [2024-11-25 09:11:53.812]: begin replot()
I [2024-11-25 09:11:53.814]: end replot()
I [2024-11-25 09:11:53.830]: calc start
I [2024-11-25 09:11:53.833]: calc over
I [2024-11-25 09:11:53.880]: calc start
I [2024-11-25 09:11:53.883]: calc over
I [2024-11-25 09:11:53.883]: begin replot()
I [2024-11-25 09:11:53.885]: end replot()
I [2024-11-25 09:11:53.930]: calc start
I [2024-11-25 09:11:53.933]: calc over
I [2024-11-25 09:11:53.933]: begin replot()
I [2024-11-25 09:11:53.936]: end replot()
I [2024-11-25 09:11:53.981]: calc start
I [2024-11-25 09:11:53.983]: calc over
I [2024-11-25 09:11:53.984]: begin replot()
I [2024-11-25 09:11:53.986]: end replot()
I [2024-11-25 09:11:54.031]: calc start
I [2024-11-25 09:11:54.033]: calc over
I [2024-11-25 09:11:54.081]: calc start
I [2024-11-25 09:11:54.083]: calc over
I [2024-11-25 09:11:54.083]: begin replot()
I [2024-11-25 09:11:54.086]: end replot()
I [2024-11-25 09:11:54.130]: calc start
I [2024-11-25 09:11:54.133]: calc over
I [2024-11-25 09:11:54.180]: calc start
I [2024-11-25 09:11:54.183]: calc over
I [2024-11-25 09:11:54.184]: begin replot()
I [2024-11-25 09:11:54.187]: end replot()
I [2024-11-25 09:11:54.231]: calc start
I [2024-11-25 09:11:54.233]: calc over
I [2024-11-25 09:11:54.281]: calc start
I [2024-11-25 09:11:54.283]: calc over
I [2024-11-25 09:11:54.283]: begin replot()
I [2024-11-25 09:11:54.286]: end replot()
I [2024-11-25 09:11:54.330]: calc start
I [2024-11-25 09:11:54.333]: calc over
I [2024-11-25 09:11:54.381]: calc start
I [2024-11-25 09:11:54.383]: calc over
I [2024-11-25 09:11:54.383]: begin replot()
I [2024-11-25 09:11:54.386]: end replot()
