 NIDAQ

 Timestamp is 674adf4c (Sat Nov 30 17:47:56 2024)

 Preferred load address is 0000000140000000

 Start         Length     Name                   Class
 0001:00000000 00000050H .text$di                CODE
 0001:00000050 0000b7e0H .text$mn                CODE
 0001:0000b830 00000040H .text$mn$00             CODE
 0001:0000b870 00001150H .text$x                 CODE
 0001:0000c9c0 0000005bH .text$yd                CODE
 0002:00000000 000010c8H .idata$5                DATA
 0002:000010c8 00000038H .00cfg                  DATA
 0002:00001100 00000008H .CRT$XCA                DATA
 0002:00001108 00000008H .CRT$XCAA               DATA
 0002:00001110 00000008H .CRT$XCL                DATA
 0002:00001118 00000020H .CRT$XCU                DATA
 0002:00001138 00000008H .CRT$XCZ                DATA
 0002:00001140 00000008H .CRT$XIA                DATA
 0002:00001148 00000008H .CRT$XIAA               DATA
 0002:00001150 00000008H .CRT$XIAC               DATA
 0002:00001158 00000008H .CRT$XIZ                DATA
 0002:00001160 00000008H .CRT$XLA                DATA
 0002:00001168 00000008H .CRT$XLZ                DATA
 0002:00001170 00000008H .CRT$XPA                DATA
 0002:00001178 00000008H .CRT$XPZ                DATA
 0002:00001180 00000008H .CRT$XTA                DATA
 0002:00001188 00000008H .CRT$XTZ                DATA
 0002:00001190 00000000H .gehcont$y              DATA
 0002:00001190 00000000H .gfids$y                DATA
 0002:00001190 00001f70H .rdata                  DATA
 0002:00003100 00000000H .rdata$CastGuardVftablesA DATA
 0002:00003100 00000000H .rdata$CastGuardVftablesC DATA
 0002:00003100 00000028H .rdata$T                DATA
 0002:00003128 00001984H .rdata$r                DATA
 0002:00004aac 0000007cH .rdata$voltmd           DATA
 0002:00004b28 000003e8H .rdata$zzzdbg           DATA
 0002:00004f10 00000008H .rtc$IAA                DATA
 0002:00004f18 00000008H .rtc$IZZ                DATA
 0002:00004f20 00000008H .rtc$TAA                DATA
 0002:00004f28 00000008H .rtc$TZZ                DATA
 0002:00004f30 00000004H .tls                    DATA
 0002:00004f34 00000004H .tls$                   DATA
 0002:00004f38 00000008H .tls$ZZZ                DATA
 0002:00004f40 000014b0H .xdata                  DATA
 0002:000063f0 0000029cH .xdata$x                DATA
 0002:0000668c 00000000H .edata                  DATA
 0002:0000668c 00000154H .idata$2                DATA
 0002:000067e0 00000018H .idata$3                DATA
 0002:000067f8 000010c8H .idata$4                DATA
 0002:000078c0 00005aeaH .idata$6                DATA
 0003:00000000 00000280H .data                   DATA
 0003:00000280 00000380H .data$r                 DATA
 0003:00000600 00000940H .data$rs                DATA
 0003:00000f40 00000638H .bss                    DATA
 0004:00000000 00000c54H .pdata                  DATA
 0005:00000000 00000060H .rsrc$01                DATA
 0005:00000060 00000280H .rsrc$02                DATA

  Address         Publics by Value              Rva+Base               Lib:Object

 0000:00000000       __AbsoluteZero             0000000000000000     <absolute>
 0000:00000000       ___safe_se_handler_count   0000000000000000     <absolute>
 0000:00000000       ___safe_se_handler_table   0000000000000000     <absolute>
 0000:00000000       __arm64x_extra_rfe_table   0000000000000000     <absolute>
 0000:00000000       __arm64x_extra_rfe_table_size 0000000000000000     <absolute>
 0000:00000000       __arm64x_native_entrypoint 0000000000000000     <absolute>
 0000:00000000       __arm64x_redirection_metadata 0000000000000000     <absolute>
 0000:00000000       __arm64x_redirection_metadata_count 0000000000000000     <absolute>
 0000:00000000       __dynamic_value_reloc_table 0000000000000000     <absolute>
 0000:00000000       __enclave_config           0000000000000000     <absolute>
 0000:00000000       __guard_check_icall_a64n_fptr 0000000000000000     <absolute>
 0000:00000000       __guard_eh_cont_count      0000000000000000     <absolute>
 0000:00000000       __guard_eh_cont_table      0000000000000000     <absolute>
 0000:00000000       __guard_fids_count         0000000000000000     <absolute>
 0000:00000000       __guard_fids_table         0000000000000000     <absolute>
 0000:00000000       __guard_iat_count          0000000000000000     <absolute>
 0000:00000000       __guard_iat_table          0000000000000000     <absolute>
 0000:00000000       __guard_longjmp_count      0000000000000000     <absolute>
 0000:00000000       __guard_longjmp_table      0000000000000000     <absolute>
 0000:00000000       __hybrid_auxiliary_delayload_iat 0000000000000000     <absolute>
 0000:00000000       __hybrid_auxiliary_delayload_iat_copy 0000000000000000     <absolute>
 0000:00000000       __hybrid_auxiliary_iat     0000000000000000     <absolute>
 0000:00000000       __hybrid_auxiliary_iat_copy 0000000000000000     <absolute>
 0000:00000000       __hybrid_code_map          0000000000000000     <absolute>
 0000:00000000       __hybrid_code_map_count    0000000000000000     <absolute>
 0000:00000000       __hybrid_image_info_bitfield 0000000000000000     <absolute>
 0000:00000000       __x64_code_ranges_to_entry_points 0000000000000000     <absolute>
 0000:00000000       __x64_code_ranges_to_entry_points_count 0000000000000000     <absolute>
 0000:00000100       __guard_flags              0000000000000100     <absolute>
 0000:00000000       __ImageBase                0000000140000000     <linker-defined>
 0001:00000050       ??2@YAPEAX_KPEAX@Z         0000000140001050 f i ArtCommunication.obj
 0001:00000060       ??0exception@std@@QEAA@AEBV01@@Z 0000000140001060 f i ArtCommunication.obj
 0001:000000a0       ?what@exception@std@@UEBAPEBDXZ 00000001400010a0 f i ArtCommunication.obj
 0001:000000c0       ??_Ebad_alloc@std@@UEAAPEAXI@Z 00000001400010c0 f i * CIL library *:* CIL module *
 0001:000000c0       ??_Ebad_array_new_length@std@@UEAAPEAXI@Z 00000001400010c0 f i * CIL library *:* CIL module *
 0001:000000c0       ??_Ebad_cast@std@@UEAAPEAXI@Z 00000001400010c0 f i * CIL library *:* CIL module *
 0001:000000c0       ??_Eexception@std@@UEAAPEAXI@Z 00000001400010c0 f i * CIL library *:* CIL module *
 0001:000000c0       ??_Elogic_error@std@@UEAAPEAXI@Z 00000001400010c0 f i * CIL library *:* CIL module *
 0001:000000c0       ??_Eruntime_error@std@@UEAAPEAXI@Z 00000001400010c0 f i * CIL library *:* CIL module *
 0001:000000c0       ??_Gbad_alloc@std@@UEAAPEAXI@Z 00000001400010c0 f i ArtCommunication.obj
 0001:000000c0       ??_Gbad_array_new_length@std@@UEAAPEAXI@Z 00000001400010c0 f i ArtCommunication.obj
 0001:000000c0       ??_Gbad_cast@std@@UEAAPEAXI@Z 00000001400010c0 f i NIDAQCommunication.obj
 0001:000000c0       ??_Gexception@std@@UEAAPEAXI@Z 00000001400010c0 f i ArtCommunication.obj
 0001:000000c0       ??_Glogic_error@std@@UEAAPEAXI@Z 00000001400010c0 f i NIDAQCommunication.obj
 0001:000000c0       ??_Gruntime_error@std@@UEAAPEAXI@Z 00000001400010c0 f i NIDAQCommunication.obj
 0001:00000110       ??1bad_alloc@std@@UEAA@XZ  0000000140001110 f i ArtCommunication.obj
 0001:00000110       ??1bad_array_new_length@std@@UEAA@XZ 0000000140001110 f i ArtCommunication.obj
 0001:00000110       ??1bad_cast@std@@UEAA@XZ   0000000140001110 f i NIDAQCommunication.obj
 0001:00000110       ??1future_error@std@@UEAA@XZ 0000000140001110 f i NIDAQCommunication.obj
 0001:00000110       ??1system_error@std@@UEAA@XZ 0000000140001110 f i NIDAQCommunication.obj
 0001:00000130       ??0bad_array_new_length@std@@QEAA@XZ 0000000140001130 f i ArtCommunication.obj
 0001:00000160       ?_Throw_bad_array_new_length@std@@YAXXZ 0000000140001160 f i ArtCommunication.obj
 0001:00000160       ?__scrt_throw_std_bad_array_new_length@@YAXXZ 0000000140001160 f i MSVCRT:throw_bad_alloc.obj
 0001:00000180       ??0bad_array_new_length@std@@QEAA@AEBV01@@Z 0000000140001180 f i ArtCommunication.obj
 0001:000001c0       ??0bad_alloc@std@@QEAA@AEBV01@@Z 00000001400011c0 f i ArtCommunication.obj
 0001:00000200       ?_Xlen_string@std@@YAXXZ   0000000140001200 f i ArtCommunication.obj
 0001:00000220       ??1?$basic_string@DU?$char_traits@D@std@@V?$allocator@D@2@@std@@QEAA@XZ 0000000140001220 f i ArtCommunication.obj
 0001:00000280       ??1sentry@?$basic_ostream@DU?$char_traits@D@std@@@std@@QEAA@XZ 0000000140001280 f i ArtCommunication.obj
 0001:000002c0       ??1_Sentry_base@?$basic_ostream@DU?$char_traits@D@std@@@std@@QEAA@XZ 00000001400012c0 f i ArtCommunication.obj
 0001:000002f0       ??$?6U?$char_traits@D@std@@@std@@YAAEAV?$basic_ostream@DU?$char_traits@D@std@@@0@AEAV10@PEBD@Z 00000001400012f0 f i ArtCommunication.obj
 0001:000004d0       ??$endl@DU?$char_traits@D@std@@@std@@YAAEAV?$basic_ostream@DU?$char_traits@D@std@@@0@AEAV10@@Z 00000001400014d0 f i ArtCommunication.obj
 0001:00000510       ??$_Construct@$00PEBD@?$basic_string@DU?$char_traits@D@std@@V?$allocator@D@2@@std@@AEAAXQEBD_K@Z 0000000140001510 f i ArtCommunication.obj
 0001:00000610       ??_EQWidget@@UEAAPEAXI@Z   0000000140001610 f i * CIL library *:* CIL module *
 0001:00000610       ??_GQWidget@@UEAAPEAXI@Z   0000000140001610 f i ArtDAQ.obj
 0001:00000650       ??_EQVBoxLayout@@UEAAPEAXI@Z 0000000140001650 f i * CIL library *:* CIL module *
 0001:00000650       ??_GQVBoxLayout@@UEAAPEAXI@Z 0000000140001650 f i ArtDAQ.obj
 0001:00000690       ??_EQLabel@@UEAAPEAXI@Z    0000000140001690 f i * CIL library *:* CIL module *
 0001:00000690       ??_GQLabel@@UEAAPEAXI@Z    0000000140001690 f i ArtDAQ.obj
 0001:000006d0       ??_EQHBoxLayout@@UEAAPEAXI@Z 00000001400016d0 f i * CIL library *:* CIL module *
 0001:000006d0       ??_GQHBoxLayout@@UEAAPEAXI@Z 00000001400016d0 f i ArtDAQ.obj
 0001:00000710       ??_EQLineEdit@@UEAAPEAXI@Z 0000000140001710 f i * CIL library *:* CIL module *
 0001:00000710       ??_GQLineEdit@@UEAAPEAXI@Z 0000000140001710 f i ArtDAQ.obj
 0001:00000750       ??_EQComboBox@@UEAAPEAXI@Z 0000000140001750 f i * CIL library *:* CIL module *
 0001:00000750       ??_GQComboBox@@UEAAPEAXI@Z 0000000140001750 f i ArtDAQ.obj
 0001:00000790       ??_EQDoubleSpinBox@@UEAAPEAXI@Z 0000000140001790 f i * CIL library *:* CIL module *
 0001:00000790       ??_GQDoubleSpinBox@@UEAAPEAXI@Z 0000000140001790 f i ArtDAQ.obj
 0001:000007d0       ??_EQPushButton@@UEAAPEAXI@Z 00000001400017d0 f i * CIL library *:* CIL module *
 0001:000007d0       ??_GQPushButton@@UEAAPEAXI@Z 00000001400017d0 f i ArtDAQ.obj
 0001:00000810       ??_EQPlainTextEdit@@UEAAPEAXI@Z 0000000140001810 f i * CIL library *:* CIL module *
 0001:00000810       ??_GQPlainTextEdit@@UEAAPEAXI@Z 0000000140001810 f i ArtDAQ.obj
 0001:00000850       ??1?$vector@NV?$allocator@N@std@@@std@@QEAA@XZ 0000000140001850 f i ArtDAQ.obj
 0001:000008ac       ??_EQLabel@@WBA@EAAPEAXI@Z 00000001400018ac f i ArtDAQ.obj
 0001:000008b8       ??_EQComboBox@@WBA@EAAPEAXI@Z 00000001400018b8 f i ArtDAQ.obj
 0001:000008c4       ??_EQVBoxLayout@@WBA@EAAPEAXI@Z 00000001400018c4 f i ArtDAQ.obj
 0001:000008d0       ??_EQPlainTextEdit@@WBA@EAAPEAXI@Z 00000001400018d0 f i ArtDAQ.obj
 0001:000008dc       ??_EQLineEdit@@WBA@EAAPEAXI@Z 00000001400018dc f i ArtDAQ.obj
 0001:000008e8       ??_EQPushButton@@WBA@EAAPEAXI@Z 00000001400018e8 f i ArtDAQ.obj
 0001:000008f4       ??_EQDoubleSpinBox@@WBA@EAAPEAXI@Z 00000001400018f4 f i ArtDAQ.obj
 0001:00000900       ??_EQHBoxLayout@@WBA@EAAPEAXI@Z 0000000140001900 f i ArtDAQ.obj
 0001:0000090c       ??_EQWidget@@WBA@EAAPEAXI@Z 000000014000190c f i ArtDAQ.obj
 0001:00000920       main                       0000000140001920 f   main.obj
 0001:00000b80       ??1QStringList@@QEAA@XZ    0000000140001b80 f i NIDAQ.obj
 0001:00000b90       ?setupUi@Ui_NIDAQClass@@QEAAXPEAVQMainWindow@@@Z 0000000140001b90 f i NIDAQ.obj
 0001:00002880       ?retranslateUi@Ui_NIDAQClass@@QEAAXPEAVQMainWindow@@@Z 0000000140003880 f i NIDAQ.obj
 0001:00003200       ??_ENIDAQ@@UEAAPEAXI@Z     0000000140004200 f i * CIL library *:* CIL module *
 0001:00003200       ??_GNIDAQ@@UEAAPEAXI@Z     0000000140004200 f i NIDAQ.obj
 0001:00003280       ??1NIDAQ@@UEAA@XZ          0000000140004280 f   NIDAQ.obj
 0001:000032e0       ?SlotConnection@NIDAQ@@QEAAXXZ 00000001400042e0 f   NIDAQ.obj
 0001:00003a70       ?OnStartButtonClicked@NIDAQ@@QEAAXXZ 0000000140004a70 f   NIDAQ.obj
 0001:00003dd0       ?UpdateInput@NIDAQ@@QEAAXPEANH@Z 0000000140004dd0 f   NIDAQ.obj
 0001:00003fc0       ?OnHardTriggeredButtonClicked@NIDAQ@@QEAAXXZ 0000000140004fc0 f   NIDAQ.obj
 0001:000040f0       ?SetTime@NIDAQ@@QEAAXXZ    00000001400050f0 f   NIDAQ.obj
 0001:000041d0       ?SetInputChannel@NIDAQ@@QEAAXH@Z 00000001400051d0 f   NIDAQ.obj
 0001:000042b0       ?SetOutputChannel@NIDAQ@@QEAAXH@Z 00000001400052b0 f   NIDAQ.obj
 0001:000043a0       ?SetMinvalue@NIDAQ@@QEAAXXZ 00000001400053a0 f   NIDAQ.obj
 0001:000044a0       ?SetMaxvalue@NIDAQ@@QEAAXXZ 00000001400054a0 f   NIDAQ.obj
 0001:000045a0       ?SetMinVolt@NIDAQ@@QEAAXXZ 00000001400055a0 f   NIDAQ.obj
 0001:000046a0       ?SetMaxVolt@NIDAQ@@QEAAXXZ 00000001400056a0 f   NIDAQ.obj
 0001:000047a0       ?SetLoops@NIDAQ@@QEAAXXZ   00000001400057a0 f   NIDAQ.obj
 0001:00004880       ?OnStopButtonClicked@NIDAQ@@QEAAXXZ 0000000140005880 f   NIDAQ.obj
 0001:000048e0       ??1?$QVector@N@@QEAA@XZ    00000001400058e0 f i NIDAQ.obj
 0001:00004910       ??0?$basic_string@DU?$char_traits@D@std@@V?$allocator@D@2@@std@@QEAA@AEBV01@@Z 0000000140005910 f i NIDAQ.obj
 0001:00004a30       ??1?$QList@VQString@@@@QEAA@XZ 0000000140005a30 f i NIDAQ.obj
 0001:00004ab0       ?append@?$QList@VQString@@@@QEAAXAEBVQString@@@Z 0000000140005ab0 f i NIDAQ.obj
 0001:00004b30       ?deallocate@?$QTypedArrayData@N@@SAXPEAUQArrayData@@@Z 0000000140005b30 f i NIDAQ.obj
 0001:00004b40       ?impl@?$QSlotObject@P8NIDAQ@@EAAXH@ZU?$List@H@QtPrivate@@X@QtPrivate@@CAXHPEAVQSlotObjectBase@2@PEAVQObject@@PEAPEAXPEA_N@Z 0000000140005b40 f i NIDAQ.obj
 0001:00004bb0       ?impl@?$QSlotObject@P8NIDAQ@@EAAXPEANH@ZU?$List@PEANH@QtPrivate@@X@QtPrivate@@CAXHPEAVQSlotObjectBase@2@PEAVQObject@@PEAPEAXPEA_N@Z 0000000140005bb0 f i NIDAQ.obj
 0001:00004c20       ?impl@?$QSlotObject@P8NIDAQ@@EAAXXZU?$List@$$V@QtPrivate@@X@QtPrivate@@CAXHPEAVQSlotObjectBase@2@PEAVQObject@@PEAPEAXPEA_N@Z 0000000140005c20 f i NIDAQ.obj
 0001:00004c80       ?detach_helper_grow@?$QList@VQString@@@@AEAAPEAUNode@1@HH@Z 0000000140005c80 f i NIDAQ.obj
 0001:00004dd0       ?node_destruct@?$QList@VQString@@@@AEAAXPEAUNode@1@@Z 0000000140005dd0 f i NIDAQ.obj
 0001:00004de0       ?node_copy@?$QList@VQString@@@@AEAAXPEAUNode@1@00@Z 0000000140005de0 f i NIDAQ.obj
 0001:00004e30       ?node_destruct@?$QList@VQString@@@@AEAAXPEAUNode@1@0@Z 0000000140005e30 f i NIDAQ.obj
 0001:00004e70       ??_ENIDAQ@@WBA@EAAPEAXI@Z  0000000140005e70 f i NIDAQ.obj
 0001:00004e80       ??1exception_ptr@std@@QEAA@XZ 0000000140005e80 f i NIDAQCommunication.obj
 0001:00004e90       ??0exception_ptr@std@@QEAA@AEBV01@@Z 0000000140005e90 f i NIDAQCommunication.obj
 0001:00004ec0       ?rethrow_exception@std@@YAXVexception_ptr@1@@Z 0000000140005ec0 f i NIDAQCommunication.obj
 0001:00004ed0       ??0bad_cast@std@@QEAA@XZ   0000000140005ed0 f i NIDAQCommunication.obj
 0001:00004f00       ?_Throw_bad_cast@std@@YAXXZ 0000000140005f00 f i NIDAQCommunication.obj
 0001:00004f20       ??0bad_cast@std@@QEAA@AEBV01@@Z 0000000140005f20 f i NIDAQCommunication.obj
 0001:00004f60       ?now@steady_clock@chrono@std@@SA?AV?$time_point@Usteady_clock@chrono@std@@V?$duration@_JU?$ratio@$00$0DLJKMKAA@@std@@@23@@23@XZ 0000000140005f60 f i NIDAQCommunication.obj
 0001:00005040       ??0runtime_error@std@@QEAA@AEBV01@@Z 0000000140006040 f i NIDAQCommunication.obj
 0001:00005080       ?default_error_condition@error_category@std@@UEBA?AVerror_condition@2@H@Z 0000000140006080 f i NIDAQCommunication.obj
 0001:00005090       ?equivalent@error_category@std@@UEBA_NHAEBVerror_condition@2@@Z 0000000140006090 f i NIDAQCommunication.obj
 0001:000050d0       ?equivalent@error_category@std@@UEBA_NAEBVerror_code@2@H@Z 00000001400060d0 f i NIDAQCommunication.obj
 0001:000050f0       ?make_error_code@std@@YA?AVerror_code@1@W4errc@1@@Z 00000001400060f0 f i NIDAQCommunication.obj
 0001:00005110       ??_E_System_error@std@@UEAAPEAXI@Z 0000000140006110 f i * CIL library *:* CIL module *
 0001:00005110       ??_Efuture_error@std@@UEAAPEAXI@Z 0000000140006110 f i * CIL library *:* CIL module *
 0001:00005110       ??_Esystem_error@std@@UEAAPEAXI@Z 0000000140006110 f i * CIL library *:* CIL module *
 0001:00005110       ??_G_System_error@std@@UEAAPEAXI@Z 0000000140006110 f i NIDAQCommunication.obj
 0001:00005110       ??_Gfuture_error@std@@UEAAPEAXI@Z 0000000140006110 f i NIDAQCommunication.obj
 0001:00005110       ??_Gsystem_error@std@@UEAAPEAXI@Z 0000000140006110 f i NIDAQCommunication.obj
 0001:00005160       ??0system_error@std@@QEAA@Verror_code@1@@Z 0000000140006160 f i NIDAQCommunication.obj
 0001:00005250       ?_Throw_system_error@std@@YAXW4errc@1@@Z 0000000140006250 f i NIDAQCommunication.obj
 0001:00005290       ??0system_error@std@@QEAA@AEBV01@@Z 0000000140006290 f i NIDAQCommunication.obj
 0001:000052f0       ??0_System_error@std@@QEAA@AEBV01@@Z 00000001400062f0 f i NIDAQCommunication.obj
 0001:00005340       ?name@_Generic_error_category@std@@UEBAPEBDXZ 0000000140006340 f i NIDAQCommunication.obj
 0001:00005350       ?message@_Generic_error_category@std@@UEBA?AV?$basic_string@DU?$char_traits@D@std@@V?$allocator@D@2@@2@H@Z 0000000140006350 f i NIDAQCommunication.obj
 0001:000053a0       ??_E_Future_error_category2@std@@UEAAPEAXI@Z 00000001400063a0 f i * CIL library *:* CIL module *
 0001:000053a0       ??_E_Generic_error_category@std@@UEAAPEAXI@Z 00000001400063a0 f i * CIL library *:* CIL module *
 0001:000053a0       ??_G_Future_error_category2@std@@UEAAPEAXI@Z 00000001400063a0 f i NIDAQCommunication.obj
 0001:000053a0       ??_G_Generic_error_category@std@@UEAAPEAXI@Z 00000001400063a0 f i NIDAQCommunication.obj
 0001:000053d0       ??0future_error@std@@QEAA@W4future_errc@1@@Z 00000001400063d0 f i NIDAQCommunication.obj
 0001:00005460       ?what@future_error@std@@UEBAPEBDXZ 0000000140006460 f i NIDAQCommunication.obj
 0001:000054a0       ?_Throw_future_error2@std@@YAXW4future_errc@1@@Z 00000001400064a0 f i NIDAQCommunication.obj
 0001:000054d0       ??0future_error@std@@QEAA@AEBV01@@Z 00000001400064d0 f i NIDAQCommunication.obj
 0001:00005520       ??0logic_error@std@@QEAA@AEBV01@@Z 0000000140006520 f i NIDAQCommunication.obj
 0001:00005560       ?name@_Future_error_category2@std@@UEBAPEBDXZ 0000000140006560 f i NIDAQCommunication.obj
 0001:00005570       ?message@_Future_error_category2@std@@UEBA?AV?$basic_string@DU?$char_traits@D@std@@V?$allocator@D@2@@2@H@Z 0000000140006570 f i NIDAQCommunication.obj
 0001:00005620       ??1?$_Promise@H@std@@QEAA@XZ 0000000140006620 f i NIDAQCommunication.obj
 0001:00005620       ??1?$future@X@std@@QEAA@XZ 0000000140006620 f i NIDAQCommunication.obj
 0001:00005660       ??1locale@std@@QEAA@XZ     0000000140006660 f i NIDAQCommunication.obj
 0001:00005690       ??0NIDAQCommunication@@QEAA@XZ 0000000140006690 f   NIDAQCommunication.obj
 0001:000058b0       ??_ENIDAQCommunication@@UEAAPEAXI@Z 00000001400068b0 f i * CIL library *:* CIL module *
 0001:000058b0       ??_GNIDAQCommunication@@UEAAPEAXI@Z 00000001400068b0 f i NIDAQCommunication.obj
 0001:000058f0       ??1NIDAQParameters@NIDAQCommunication@@QEAA@XZ 00000001400068f0 f i NIDAQCommunication.obj
 0001:000059c0       ??1NIDAQCommunication@@UEAA@XZ 00000001400069c0 f   NIDAQCommunication.obj
 0001:00005b50       ?Initialize@NIDAQCommunication@@QEAA_NAEBV?$basic_string@DU?$char_traits@D@std@@V?$allocator@D@2@@std@@@Z 0000000140006b50 f   NIDAQCommunication.obj
 0001:00005c60       ?oInitialize@NIDAQCommunication@@QEAA_NAEBV?$basic_string@DU?$char_traits@D@std@@V?$allocator@D@2@@std@@@Z 0000000140006c60 f   NIDAQCommunication.obj
 0001:00005d70       ?SaveParInfo@NIDAQCommunication@@QEAA_NAEBVQString@@@Z 0000000140006d70 f   NIDAQCommunication.obj
 0001:00005fa0       ??_D?$basic_ofstream@DU?$char_traits@D@std@@@std@@QEAAXXZ 0000000140006fa0 f i NIDAQCommunication.obj
 0001:00006060       ?LoadParInfo@NIDAQCommunication@@QEAA_NAEBVQString@@@Z 0000000140007060 f   NIDAQCommunication.obj
 0001:00006290       ??_D?$basic_ifstream@DU?$char_traits@D@std@@@std@@QEAAXXZ 0000000140007290 f i NIDAQCommunication.obj
 0001:00006350       ?InputConfigureChannel@NIDAQCommunication@@QEAA_NXZ 0000000140007350 f   NIDAQCommunication.obj
 0001:000063e0       ?OutputConfigureChannel@NIDAQCommunication@@QEAA_NXZ 00000001400073e0 f   NIDAQCommunication.obj
 0001:00006470       ?StartOutputAcquisition@NIDAQCommunication@@QEAA_NXZ 0000000140007470 f   NIDAQCommunication.obj
 0001:00006680       ?StartAcquisition@NIDAQCommunication@@QEAA_NXZ 0000000140007680 f   NIDAQCommunication.obj
 0001:00006890       ?RunAcquisition@NIDAQCommunication@@AEAAXXZ 0000000140007890 f   NIDAQCommunication.obj
 0001:00006c50       ?LoadDataFromExcel@NIDAQCommunication@@QEAA?AV?$QVector@N@@AEBVQString@@@Z 0000000140007c50 f   NIDAQCommunication.obj
 0001:00006ed0       ?ProcessExcelAndOutput@NIDAQCommunication@@QEAAXAEBVQString@@@Z 0000000140007ed0 f   NIDAQCommunication.obj
 0001:00007210       ?StopAcquisition@NIDAQCommunication@@QEAAXXZ 0000000140008210 f   NIDAQCommunication.obj
 0001:00007360       ?SetInputChannel@NIDAQCommunication@@QEAAXV?$basic_string@DU?$char_traits@D@std@@V?$allocator@D@2@@std@@@Z 0000000140008360 f   NIDAQCommunication.obj
 0001:00007510       ?SetOutputChannel@NIDAQCommunication@@QEAAXV?$basic_string@DU?$char_traits@D@std@@V?$allocator@D@2@@std@@@Z 0000000140008510 f   NIDAQCommunication.obj
 0001:000076c0       ?GetInputChannel@NIDAQCommunication@@QEBA?AV?$basic_string@DU?$char_traits@D@std@@V?$allocator@D@2@@std@@XZ 00000001400086c0 f   NIDAQCommunication.obj
 0001:00007820       ?GetInputChannelIndex@NIDAQCommunication@@QEBAHXZ 0000000140008820 f   NIDAQCommunication.obj
 0001:000079b0       ?GetOutputChannel@NIDAQCommunication@@QEBA?AV?$basic_string@DU?$char_traits@D@std@@V?$allocator@D@2@@std@@XZ 00000001400089b0 f   NIDAQCommunication.obj
 0001:00007b10       ?GetOutputChannelIndex@NIDAQCommunication@@QEBAHXZ 0000000140008b10 f   NIDAQCommunication.obj
 0001:00007ca0       ?imbue@?$basic_filebuf@DU?$char_traits@D@std@@@std@@MEAAXAEBVlocale@2@@Z 0000000140008ca0 f i NIDAQCommunication.obj
 0001:00007cf0       ?sync@?$basic_filebuf@DU?$char_traits@D@std@@@std@@MEAAHXZ 0000000140008cf0 f i NIDAQCommunication.obj
 0001:00007d40       ?setbuf@?$basic_filebuf@DU?$char_traits@D@std@@@std@@MEAAPEAV?$basic_streambuf@DU?$char_traits@D@std@@@2@PEAD_J@Z 0000000140008d40 f i NIDAQCommunication.obj
 0001:00007e40       ?seekpos@?$basic_filebuf@DU?$char_traits@D@std@@@std@@MEAA?AV?$fpos@U_Mbstatet@@@2@V32@H@Z 0000000140008e40 f i NIDAQCommunication.obj
 0001:00007f20       ?seekoff@?$basic_filebuf@DU?$char_traits@D@std@@@std@@MEAA?AV?$fpos@U_Mbstatet@@@2@_JHH@Z 0000000140008f20 f i NIDAQCommunication.obj
 0001:00008030       ?xsputn@?$basic_filebuf@DU?$char_traits@D@std@@@std@@MEAA_JPEBD_J@Z 0000000140009030 f i NIDAQCommunication.obj
 0001:00008100       ?xsgetn@?$basic_filebuf@DU?$char_traits@D@std@@@std@@MEAA_JPEAD_J@Z 0000000140009100 f i NIDAQCommunication.obj
 0001:00008250       ?uflow@?$basic_filebuf@DU?$char_traits@D@std@@@std@@MEAAHXZ 0000000140009250 f i NIDAQCommunication.obj
 0001:00008530       ?underflow@?$basic_filebuf@DU?$char_traits@D@std@@@std@@MEAAHXZ 0000000140009530 f i NIDAQCommunication.obj
 0001:000085a0       ?pbackfail@?$basic_filebuf@DU?$char_traits@D@std@@@std@@MEAAHH@Z 00000001400095a0 f i NIDAQCommunication.obj
 0001:00008690       ?overflow@?$basic_filebuf@DU?$char_traits@D@std@@@std@@MEAAHH@Z 0000000140009690 f i NIDAQCommunication.obj
 0001:00008850       ?_Unlock@?$basic_filebuf@DU?$char_traits@D@std@@@std@@UEAAXXZ 0000000140009850 f i NIDAQCommunication.obj
 0001:00008870       ?_Lock@?$basic_filebuf@DU?$char_traits@D@std@@@std@@UEAAXXZ 0000000140009870 f i NIDAQCommunication.obj
 0001:00008890       ??1?$basic_filebuf@DU?$char_traits@D@std@@@std@@UEAA@XZ 0000000140009890 f i NIDAQCommunication.obj
 0001:00008900       ??1?$vector@MV?$allocator@M@std@@@std@@QEAA@XZ 0000000140009900 f i NIDAQCommunication.obj
 0001:00008960       ?_Do_notify@?$_Associated_state@H@std@@EEAAXPEAV?$unique_lock@Vmutex@std@@@2@_N@Z 0000000140009960 f i NIDAQCommunication.obj
 0001:000089a0       ?_Run_deferred_function@?$_Associated_state@H@std@@EEAAXAEAV?$unique_lock@Vmutex@std@@@2@@Z 00000001400099a0 f i NIDAQCommunication.obj
 0001:000089a0       ?qt_static_metacall@ArtDAQ@@CAXPEAVQObject@@W4Call@QMetaObject@@HPEAPEAX@Z 00000001400099a0 f i moc_ArtDAQ.obj
 0001:000089a0       ?qt_static_metacall@NIDAQ@@CAXPEAVQObject@@W4Call@QMetaObject@@HPEAPEAX@Z 00000001400099a0 f i moc_NIDAQ.obj
 0001:000089a0       _guard_check_icall_nop     00000001400099a0 f i MSVCRT:guard_support.obj
 0001:000089a0       _initialize_denormal_control 00000001400099a0 f i MSVCRT:denormal_control.obj
 0001:000089a0       _initialize_invalid_parameter_handler 00000001400099a0 f i MSVCRT:invalid_parameter_handler.obj
 0001:000089b0       ?_Has_deferred_function@?$_Associated_state@H@std@@EEBA_NXZ 00000001400099b0 f i NIDAQCommunication.obj
 0001:000089c0       ?_Get_value@?$_Associated_state@H@std@@UEAAAEAH_N@Z 00000001400099c0 f i NIDAQCommunication.obj
 0001:00008b30       ?_Wait@?$_Associated_state@H@std@@UEAAXXZ 0000000140009b30 f i NIDAQCommunication.obj
 0001:00008c20       ??0?$_Associated_state@H@std@@QEAA@PEAU?$_Deleter_base@H@1@@Z 0000000140009c20 f i NIDAQCommunication.obj
 0001:00008cd0       ??1?$unique_lock@Vmutex@std@@@std@@QEAA@XZ 0000000140009cd0 f i NIDAQCommunication.obj
 0001:00008cf0       ??_E?$basic_ifstream@DU?$char_traits@D@std@@@std@@UEAAPEAXI@Z 0000000140009cf0 f i * CIL library *:* CIL module *
 0001:00008cf0       ??_G?$basic_ifstream@DU?$char_traits@D@std@@@std@@UEAAPEAXI@Z 0000000140009cf0 f i NIDAQCommunication.obj
 0001:00008d30       ??_E?$basic_filebuf@DU?$char_traits@D@std@@@std@@UEAAPEAXI@Z 0000000140009d30 f i * CIL library *:* CIL module *
 0001:00008d30       ??_G?$basic_filebuf@DU?$char_traits@D@std@@@std@@UEAAPEAXI@Z 0000000140009d30 f i NIDAQCommunication.obj
 0001:00008dc0       ??_E?$basic_ofstream@DU?$char_traits@D@std@@@std@@UEAAPEAXI@Z 0000000140009dc0 f i * CIL library *:* CIL module *
 0001:00008dc0       ??_G?$basic_ofstream@DU?$char_traits@D@std@@@std@@UEAAPEAXI@Z 0000000140009dc0 f i NIDAQCommunication.obj
 0001:00008e00       ??_E?$_Associated_state@H@std@@UEAAPEAXI@Z 0000000140009e00 f i * CIL library *:* CIL module *
 0001:00008e00       ??_G?$_Associated_state@H@std@@UEAAPEAXI@Z 0000000140009e00 f i NIDAQCommunication.obj
 0001:00008e60       ?_Endwrite@?$basic_filebuf@DU?$char_traits@D@std@@@std@@IEAA_NXZ 0000000140009e60 f i NIDAQCommunication.obj
 0001:00008f50       ?close@?$basic_filebuf@DU?$char_traits@D@std@@@std@@QEAAPEAV12@XZ 0000000140009f50 f i NIDAQCommunication.obj
 0001:00009010       ?_Set_exception@?$_Associated_state@H@std@@QEAAXVexception_ptr@2@_N@Z 000000014000a010 f i NIDAQCommunication.obj
 0001:00009130       ?assign@?$basic_string@DU?$char_traits@D@std@@V?$allocator@D@2@@std@@QEAAAEAV12@QEBD_K@Z 000000014000a130 f i NIDAQCommunication.obj
 0001:00009290       ?open@?$basic_filebuf@DU?$char_traits@D@std@@@std@@QEAAPEAV12@PEBDHH@Z 000000014000a290 f i NIDAQCommunication.obj
 0001:000093d0       ?_Xran@?$_String_val@U?$_Simple_types@D@std@@@std@@SAXXZ 000000014000a3d0 f i NIDAQCommunication.obj
 0001:000093f0       ??0?$QVector@N@@QEAA@AEBV0@@Z 000000014000a3f0 f i NIDAQCommunication.obj
 0001:000094d0       ??$connect@P8QThread@@EAAXUQPrivateSignal@1@@ZP8QObject@@EAAXXZ@QObject@@SA?AVConnection@QMetaObject@@PEBVQThread@@P83@EAAXUQPrivateSignal@3@@ZPEBV0@P80@EAAXXZW4ConnectionType@Qt@@@Z 000000014000a4d0 f i NIDAQCommunication.obj
 0001:00009590       ??$use_facet@V?$codecvt@DDU_Mbstatet@@@std@@@std@@YAAEBV?$codecvt@DDU_Mbstatet@@@0@AEBVlocale@0@@Z 000000014000a590 f i NIDAQCommunication.obj
 0001:000096a0       ??$_Reallocate_grow_by@V<lambda_1>@?1??push_back@?$basic_string@DU?$char_traits@D@std@@V?$allocator@D@2@@std@@QEAAXD@Z@D@?$basic_string@DU?$char_traits@D@std@@V?$allocator@D@2@@std@@AEAAAEAV01@_KV<lambda_1>@?1??push_back@01@QEAAXD@Z@D@Z 000000014000a6a0 f i NIDAQCommunication.obj
 0001:00009810       ??$_Reallocate_grow_by@V<lambda_1>@?1??append@?$basic_string@DU?$char_traits@D@std@@V?$allocator@D@2@@std@@QEAAAEAV34@QEBD_K@Z@PEBD_K@?$basic_string@DU?$char_traits@D@std@@V?$allocator@D@2@@std@@AEAAAEAV01@_KV<lambda_1>@?1??append@01@QEAAAEAV01@QEBD0@Z@PEBD_K@Z 000000014000a810 f i NIDAQCommunication.obj
 0001:000099a0       ??1?$unique_ptr@V_Facet_base@std@@U?$default_delete@V_Facet_base@std@@@2@@std@@QEAA@XZ 000000014000a9a0 f i NIDAQCommunication.obj
 0001:000099c0       ?impl@?$QSlotObject@P8QObject@@EAAXXZU?$List@$$V@QtPrivate@@X@QtPrivate@@CAXHPEAVQSlotObjectBase@2@PEAVQObject@@PEAPEAXPEA_N@Z 000000014000a9c0 f i NIDAQCommunication.obj
 0001:00009a00       ?realloc@?$QVector@N@@AEAAXHV?$QFlags@W4AllocationOption@QArrayData@@@@@Z 000000014000aa00 f i NIDAQCommunication.obj
 0001:00009ac0       ?_Run_deferred_function@?$_Deferred_async_state@X@std@@EEAAXAEAV?$unique_lock@Vmutex@std@@@2@@Z 000000014000aac0 f i NIDAQCommunication.obj
 0001:00009b60       ?_Has_deferred_function@?$_Deferred_async_state@X@std@@EEBA_NXZ 000000014000ab60 f i NIDAQCommunication.obj
 0001:00009b70       ??1?$_Packaged_state@$$A6AXXZ@std@@UEAA@XZ 000000014000ab70 f i NIDAQCommunication.obj
 0001:00009be0       ?_Call_immediate@?$_Packaged_state@$$A6AXXZ@std@@QEAAXXZ 000000014000abe0 f i NIDAQCommunication.obj
 0001:00009cc0       ??_E?$_Deferred_async_state@X@std@@UEAAPEAXI@Z 000000014000acc0 f i * CIL library *:* CIL module *
 0001:00009cc0       ??_G?$_Deferred_async_state@X@std@@UEAAPEAXI@Z 000000014000acc0 f i NIDAQCommunication.obj
 0001:00009e70       ??_E?$basic_ifstream@DU?$char_traits@D@std@@@std@@$4PPPPPPPM@A@EAAPEAXI@Z 000000014000ae70 f i NIDAQCommunication.obj
 0001:00009e7c       ??_E?$basic_ofstream@DU?$char_traits@D@std@@@std@@$4PPPPPPPM@A@EAAPEAXI@Z 000000014000ae7c f i NIDAQCommunication.obj
 0001:00009e90       ?metaObject@NIDAQ@@UEBAPEBUQMetaObject@@XZ 000000014000ae90 f   moc_NIDAQ.obj
 0001:00009eb0       ?qt_metacast@NIDAQ@@UEAAPEAXPEBD@Z 000000014000aeb0 f   moc_NIDAQ.obj
 0001:00009f00       ?qt_metacall@NIDAQ@@UEAAHW4Call@QMetaObject@@HPEAPEAX@Z 000000014000af00 f   moc_NIDAQ.obj
 0001:00009f10       ?qt_static_metacall@NIDAQCommunication@@CAXPEAVQObject@@W4Call@QMetaObject@@HPEAPEAX@Z 000000014000af10 f   moc_NIDAQCommunication.obj
 0001:00009fb0       ?metaObject@NIDAQCommunication@@UEBAPEBUQMetaObject@@XZ 000000014000afb0 f   moc_NIDAQCommunication.obj
 0001:00009fd0       ?qt_metacast@NIDAQCommunication@@UEAAPEAXPEBD@Z 000000014000afd0 f   moc_NIDAQCommunication.obj
 0001:0000a020       ?qt_metacall@NIDAQCommunication@@UEAAHW4Call@QMetaObject@@HPEAPEAX@Z 000000014000b020 f   moc_NIDAQCommunication.obj
 0001:0000a090       ?DataAcquired@NIDAQCommunication@@QEAAXPEANH@Z 000000014000b090 f   moc_NIDAQCommunication.obj
 0001:0000a0ec       ??1Format@QXlsx@@QEAA@XZ   000000014000b0ec f   Qt5Xlsx:Qt5Xlsx.dll
 0001:0000a0f2       ??1Document@QXlsx@@UEAA@XZ 000000014000b0f2 f   Qt5Xlsx:Qt5Xlsx.dll
 0001:0000a0f8       ?qt_metacall@QVBoxLayout@@UEAAHW4Call@QMetaObject@@HPEAPEAX@Z 000000014000b0f8 f   Qt5Widgets:Qt5Widgets.dll
 0001:0000a0fe       ?qt_metacast@QVBoxLayout@@UEAAPEAXPEBD@Z 000000014000b0fe f   Qt5Widgets:Qt5Widgets.dll
 0001:0000a104       ?metaObject@QVBoxLayout@@UEBAPEBUQMetaObject@@XZ 000000014000b104 f   Qt5Widgets:Qt5Widgets.dll
 0001:0000a10a       ?setGeometry@QBoxLayout@@UEAAXAEBVQRect@@@Z 000000014000b10a f   Qt5Widgets:Qt5Widgets.dll
 0001:0000a110       ?count@QBoxLayout@@UEBAHXZ 000000014000b110 f   Qt5Widgets:Qt5Widgets.dll
 0001:0000a116       ?takeAt@QBoxLayout@@UEAAPEAVQLayoutItem@@H@Z 000000014000b116 f   Qt5Widgets:Qt5Widgets.dll
 0001:0000a11c       ?itemAt@QBoxLayout@@UEBAPEAVQLayoutItem@@H@Z 000000014000b11c f   Qt5Widgets:Qt5Widgets.dll
 0001:0000a122       ?invalidate@QBoxLayout@@UEAAXXZ 000000014000b122 f   Qt5Widgets:Qt5Widgets.dll
 0001:0000a128       ?expandingDirections@QBoxLayout@@UEBA?AV?$QFlags@W4Orientation@Qt@@@@XZ 000000014000b128 f   Qt5Widgets:Qt5Widgets.dll
 0001:0000a12e       ?minimumHeightForWidth@QBoxLayout@@UEBAHH@Z 000000014000b12e f   Qt5Widgets:Qt5Widgets.dll
 0001:0000a134       ?heightForWidth@QBoxLayout@@UEBAHH@Z 000000014000b134 f   Qt5Widgets:Qt5Widgets.dll
 0001:0000a13a       ?hasHeightForWidth@QBoxLayout@@UEBA_NXZ 000000014000b13a f   Qt5Widgets:Qt5Widgets.dll
 0001:0000a140       ?maximumSize@QBoxLayout@@UEBA?AVQSize@@XZ 000000014000b140 f   Qt5Widgets:Qt5Widgets.dll
 0001:0000a146       ?minimumSize@QBoxLayout@@UEBA?AVQSize@@XZ 000000014000b146 f   Qt5Widgets:Qt5Widgets.dll
 0001:0000a14c       ?sizeHint@QBoxLayout@@UEBA?AVQSize@@XZ 000000014000b14c f   Qt5Widgets:Qt5Widgets.dll
 0001:0000a152       ?addItem@QBoxLayout@@UEAAXPEAVQLayoutItem@@@Z 000000014000b152 f   Qt5Widgets:Qt5Widgets.dll
 0001:0000a158       ?event@QLineEdit@@UEAA_NPEAVQEvent@@@Z 000000014000b158 f   Qt5Widgets:Qt5Widgets.dll
 0001:0000a15e       ?inputMethodQuery@QLineEdit@@UEBA?AVQVariant@@W4InputMethodQuery@Qt@@@Z 000000014000b15e f   Qt5Widgets:Qt5Widgets.dll
 0001:0000a164       ?inputMethodEvent@QLineEdit@@MEAAXPEAVQInputMethodEvent@@@Z 000000014000b164 f   Qt5Widgets:Qt5Widgets.dll
 0001:0000a16a       ?contextMenuEvent@QLineEdit@@MEAAXPEAVQContextMenuEvent@@@Z 000000014000b16a f   Qt5Widgets:Qt5Widgets.dll
 0001:0000a170       ?changeEvent@QLineEdit@@MEAAXPEAVQEvent@@@Z 000000014000b170 f   Qt5Widgets:Qt5Widgets.dll
 0001:0000a176       ?dropEvent@QLineEdit@@MEAAXPEAVQDropEvent@@@Z 000000014000b176 f   Qt5Widgets:Qt5Widgets.dll
 0001:0000a17c       ?dragLeaveEvent@QLineEdit@@MEAAXPEAVQDragLeaveEvent@@@Z 000000014000b17c f   Qt5Widgets:Qt5Widgets.dll
 0001:0000a182       ?dragMoveEvent@QLineEdit@@MEAAXPEAVQDragMoveEvent@@@Z 000000014000b182 f   Qt5Widgets:Qt5Widgets.dll
 0001:0000a188       ?dragEnterEvent@QLineEdit@@MEAAXPEAVQDragEnterEvent@@@Z 000000014000b188 f   Qt5Widgets:Qt5Widgets.dll
 0001:0000a18e       ?paintEvent@QLineEdit@@MEAAXPEAVQPaintEvent@@@Z 000000014000b18e f   Qt5Widgets:Qt5Widgets.dll
 0001:0000a194       ?focusOutEvent@QLineEdit@@MEAAXPEAVQFocusEvent@@@Z 000000014000b194 f   Qt5Widgets:Qt5Widgets.dll
 0001:0000a19a       ?focusInEvent@QLineEdit@@MEAAXPEAVQFocusEvent@@@Z 000000014000b19a f   Qt5Widgets:Qt5Widgets.dll
 0001:0000a1a0       ?keyPressEvent@QLineEdit@@MEAAXPEAVQKeyEvent@@@Z 000000014000b1a0 f   Qt5Widgets:Qt5Widgets.dll
 0001:0000a1a6       ?mouseDoubleClickEvent@QLineEdit@@MEAAXPEAVQMouseEvent@@@Z 000000014000b1a6 f   Qt5Widgets:Qt5Widgets.dll
 0001:0000a1ac       ?mouseReleaseEvent@QLineEdit@@MEAAXPEAVQMouseEvent@@@Z 000000014000b1ac f   Qt5Widgets:Qt5Widgets.dll
 0001:0000a1b2       ?mouseMoveEvent@QLineEdit@@MEAAXPEAVQMouseEvent@@@Z 000000014000b1b2 f   Qt5Widgets:Qt5Widgets.dll
 0001:0000a1b8       ?mousePressEvent@QLineEdit@@MEAAXPEAVQMouseEvent@@@Z 000000014000b1b8 f   Qt5Widgets:Qt5Widgets.dll
 0001:0000a1be       ?minimumSizeHint@QLineEdit@@UEBA?AVQSize@@XZ 000000014000b1be f   Qt5Widgets:Qt5Widgets.dll
 0001:0000a1c4       ?sizeHint@QLineEdit@@UEBA?AVQSize@@XZ 000000014000b1c4 f   Qt5Widgets:Qt5Widgets.dll
 0001:0000a1ca       ?qt_metacall@QLineEdit@@UEAAHW4Call@QMetaObject@@HPEAPEAX@Z 000000014000b1ca f   Qt5Widgets:Qt5Widgets.dll
 0001:0000a1d0       ?qt_metacast@QLineEdit@@UEAAPEAXPEBD@Z 000000014000b1d0 f   Qt5Widgets:Qt5Widgets.dll
 0001:0000a1d6       ?metaObject@QLineEdit@@UEBAPEBUQMetaObject@@XZ 000000014000b1d6 f   Qt5Widgets:Qt5Widgets.dll
 0001:0000a1dc       ?viewportSizeHint@QAbstractScrollArea@@MEBA?AVQSize@@XZ 000000014000b1dc f   Qt5Widgets:Qt5Widgets.dll
 0001:0000a1e2       ?viewportEvent@QAbstractScrollArea@@MEAA_NPEAVQEvent@@@Z 000000014000b1e2 f   Qt5Widgets:Qt5Widgets.dll
 0001:0000a1e8       ?eventFilter@QAbstractScrollArea@@MEAA_NPEAVQObject@@PEAVQEvent@@@Z 000000014000b1e8 f   Qt5Widgets:Qt5Widgets.dll
 0001:0000a1ee       ?setupViewport@QAbstractScrollArea@@UEAAXPEAVQWidget@@@Z 000000014000b1ee f   Qt5Widgets:Qt5Widgets.dll
 0001:0000a1f4       ?sizeHint@QAbstractScrollArea@@UEBA?AVQSize@@XZ 000000014000b1f4 f   Qt5Widgets:Qt5Widgets.dll
 0001:0000a1fa       ?minimumSizeHint@QAbstractScrollArea@@UEBA?AVQSize@@XZ 000000014000b1fa f   Qt5Widgets:Qt5Widgets.dll
 0001:0000a200       ?spacerItem@QLayoutItem@@UEAAPEAVQSpacerItem@@XZ 000000014000b200 f   Qt5Widgets:Qt5Widgets.dll
 0001:0000a206       ?widget@QLayoutItem@@UEAAPEAVQWidget@@XZ 000000014000b206 f   Qt5Widgets:Qt5Widgets.dll
 0001:0000a20c       ?hitButton@QPushButton@@MEBA_NAEBVQPoint@@@Z 000000014000b20c f   Qt5Widgets:Qt5Widgets.dll
 0001:0000a212       ?focusOutEvent@QPushButton@@MEAAXPEAVQFocusEvent@@@Z 000000014000b212 f   Qt5Widgets:Qt5Widgets.dll
 0001:0000a218       ?focusInEvent@QPushButton@@MEAAXPEAVQFocusEvent@@@Z 000000014000b218 f   Qt5Widgets:Qt5Widgets.dll
 0001:0000a21e       ?keyPressEvent@QPushButton@@MEAAXPEAVQKeyEvent@@@Z 000000014000b21e f   Qt5Widgets:Qt5Widgets.dll
 0001:0000a224       ?paintEvent@QPushButton@@MEAAXPEAVQPaintEvent@@@Z 000000014000b224 f   Qt5Widgets:Qt5Widgets.dll
 0001:0000a22a       ?event@QPushButton@@MEAA_NPEAVQEvent@@@Z 000000014000b22a f   Qt5Widgets:Qt5Widgets.dll
 0001:0000a230       ?minimumSizeHint@QPushButton@@UEBA?AVQSize@@XZ 000000014000b230 f   Qt5Widgets:Qt5Widgets.dll
 0001:0000a236       ?sizeHint@QPushButton@@UEBA?AVQSize@@XZ 000000014000b236 f   Qt5Widgets:Qt5Widgets.dll
 0001:0000a23c       ?qt_metacall@QPushButton@@UEAAHW4Call@QMetaObject@@HPEAPEAX@Z 000000014000b23c f   Qt5Widgets:Qt5Widgets.dll
 0001:0000a242       ?qt_metacast@QPushButton@@UEAAPEAXPEBD@Z 000000014000b242 f   Qt5Widgets:Qt5Widgets.dll
 0001:0000a248       ?metaObject@QPushButton@@UEBAPEBUQMetaObject@@XZ 000000014000b248 f   Qt5Widgets:Qt5Widgets.dll
 0001:0000a24e       ?childEvent@QLayout@@MEAAXPEAVQChildEvent@@@Z 000000014000b24e f   Qt5Widgets:Qt5Widgets.dll
 0001:0000a254       ?layout@QLayout@@UEAAPEAV1@XZ 000000014000b254 f   Qt5Widgets:Qt5Widgets.dll
 0001:0000a25a       ?controlTypes@QLayout@@UEBA?AV?$QFlags@W4ControlType@QSizePolicy@@@@XZ 000000014000b25a f   Qt5Widgets:Qt5Widgets.dll
 0001:0000a260       ?isEmpty@QLayout@@UEBA_NXZ 000000014000b260 f   Qt5Widgets:Qt5Widgets.dll
 0001:0000a266       ?indexOf@QLayout@@UEBAHPEAVQWidget@@@Z 000000014000b266 f   Qt5Widgets:Qt5Widgets.dll
 0001:0000a26c       ?geometry@QLayout@@UEBA?AVQRect@@XZ 000000014000b26c f   Qt5Widgets:Qt5Widgets.dll
 0001:0000a272       ?timerEvent@QAbstractButton@@MEAAXPEAVQTimerEvent@@@Z 000000014000b272 f   Qt5Widgets:Qt5Widgets.dll
 0001:0000a278       ?changeEvent@QAbstractButton@@MEAAXPEAVQEvent@@@Z 000000014000b278 f   Qt5Widgets:Qt5Widgets.dll
 0001:0000a27e       ?mouseMoveEvent@QAbstractButton@@MEAAXPEAVQMouseEvent@@@Z 000000014000b27e f   Qt5Widgets:Qt5Widgets.dll
 0001:0000a284       ?mouseReleaseEvent@QAbstractButton@@MEAAXPEAVQMouseEvent@@@Z 000000014000b284 f   Qt5Widgets:Qt5Widgets.dll
 0001:0000a28a       ?mousePressEvent@QAbstractButton@@MEAAXPEAVQMouseEvent@@@Z 000000014000b28a f   Qt5Widgets:Qt5Widgets.dll
 0001:0000a290       ?keyReleaseEvent@QAbstractButton@@MEAAXPEAVQKeyEvent@@@Z 000000014000b290 f   Qt5Widgets:Qt5Widgets.dll
 0001:0000a296       ?nextCheckState@QAbstractButton@@MEAAXXZ 000000014000b296 f   Qt5Widgets:Qt5Widgets.dll
 0001:0000a29c       ?checkStateSet@QAbstractButton@@MEAAXXZ 000000014000b29c f   Qt5Widgets:Qt5Widgets.dll
 0001:0000a2a2       ?event@QMainWindow@@MEAA_NPEAVQEvent@@@Z 000000014000b2a2 f   Qt5Widgets:Qt5Widgets.dll
 0001:0000a2a8       ?contextMenuEvent@QMainWindow@@MEAAXPEAVQContextMenuEvent@@@Z 000000014000b2a8 f   Qt5Widgets:Qt5Widgets.dll
 0001:0000a2ae       ?createPopupMenu@QMainWindow@@UEAAPEAVQMenu@@XZ 000000014000b2ae f   Qt5Widgets:Qt5Widgets.dll
 0001:0000a2b4       ??1QMainWindow@@UEAA@XZ    000000014000b2b4 f   Qt5Widgets:Qt5Widgets.dll
 0001:0000a2ba       ?fixup@QDoubleSpinBox@@UEBAXAEAVQString@@@Z 000000014000b2ba f   Qt5Widgets:Qt5Widgets.dll
 0001:0000a2c0       ?textFromValue@QDoubleSpinBox@@UEBA?AVQString@@N@Z 000000014000b2c0 f   Qt5Widgets:Qt5Widgets.dll
 0001:0000a2c6       ?valueFromText@QDoubleSpinBox@@UEBANAEBVQString@@@Z 000000014000b2c6 f   Qt5Widgets:Qt5Widgets.dll
 0001:0000a2cc       ?validate@QDoubleSpinBox@@UEBA?AW4State@QValidator@@AEAVQString@@AEAH@Z 000000014000b2cc f   Qt5Widgets:Qt5Widgets.dll
 0001:0000a2d2       ?qt_metacall@QDoubleSpinBox@@UEAAHW4Call@QMetaObject@@HPEAPEAX@Z 000000014000b2d2 f   Qt5Widgets:Qt5Widgets.dll
 0001:0000a2d8       ?qt_metacast@QDoubleSpinBox@@UEAAPEAXPEBD@Z 000000014000b2d8 f   Qt5Widgets:Qt5Widgets.dll
 0001:0000a2de       ?metaObject@QDoubleSpinBox@@UEBAPEBUQMetaObject@@XZ 000000014000b2de f   Qt5Widgets:Qt5Widgets.dll
 0001:0000a2e4       ?qt_metacall@QHBoxLayout@@UEAAHW4Call@QMetaObject@@HPEAPEAX@Z 000000014000b2e4 f   Qt5Widgets:Qt5Widgets.dll
 0001:0000a2ea       ?qt_metacast@QHBoxLayout@@UEAAPEAXPEBD@Z 000000014000b2ea f   Qt5Widgets:Qt5Widgets.dll
 0001:0000a2f0       ?metaObject@QHBoxLayout@@UEBAPEBUQMetaObject@@XZ 000000014000b2f0 f   Qt5Widgets:Qt5Widgets.dll
 0001:0000a2f6       ?stepEnabled@QAbstractSpinBox@@MEBA?AV?$QFlags@W4StepEnabledFlag@QAbstractSpinBox@@@@XZ 000000014000b2f6 f   Qt5Widgets:Qt5Widgets.dll
 0001:0000a2fc       ?showEvent@QAbstractSpinBox@@MEAAXPEAVQShowEvent@@@Z 000000014000b2fc f   Qt5Widgets:Qt5Widgets.dll
 0001:0000a302       ?paintEvent@QAbstractSpinBox@@MEAAXPEAVQPaintEvent@@@Z 000000014000b302 f   Qt5Widgets:Qt5Widgets.dll
 0001:0000a308       ?timerEvent@QAbstractSpinBox@@MEAAXPEAVQTimerEvent@@@Z 000000014000b308 f   Qt5Widgets:Qt5Widgets.dll
 0001:0000a30e       ?mouseMoveEvent@QAbstractSpinBox@@MEAAXPEAVQMouseEvent@@@Z 000000014000b30e f   Qt5Widgets:Qt5Widgets.dll
 0001:0000a314       ?mouseReleaseEvent@QAbstractSpinBox@@MEAAXPEAVQMouseEvent@@@Z 000000014000b314 f   Qt5Widgets:Qt5Widgets.dll
 0001:0000a31a       ?mousePressEvent@QAbstractSpinBox@@MEAAXPEAVQMouseEvent@@@Z 000000014000b31a f   Qt5Widgets:Qt5Widgets.dll
 0001:0000a320       ?hideEvent@QAbstractSpinBox@@MEAAXPEAVQHideEvent@@@Z 000000014000b320 f   Qt5Widgets:Qt5Widgets.dll
 0001:0000a326       ?closeEvent@QAbstractSpinBox@@MEAAXPEAVQCloseEvent@@@Z 000000014000b326 f   Qt5Widgets:Qt5Widgets.dll
 0001:0000a32c       ?changeEvent@QAbstractSpinBox@@MEAAXPEAVQEvent@@@Z 000000014000b32c f   Qt5Widgets:Qt5Widgets.dll
 0001:0000a332       ?contextMenuEvent@QAbstractSpinBox@@MEAAXPEAVQContextMenuEvent@@@Z 000000014000b332 f   Qt5Widgets:Qt5Widgets.dll
 0001:0000a338       ?focusOutEvent@QAbstractSpinBox@@MEAAXPEAVQFocusEvent@@@Z 000000014000b338 f   Qt5Widgets:Qt5Widgets.dll
 0001:0000a33e       ?focusInEvent@QAbstractSpinBox@@MEAAXPEAVQFocusEvent@@@Z 000000014000b33e f   Qt5Widgets:Qt5Widgets.dll
 0001:0000a344       ?wheelEvent@QAbstractSpinBox@@MEAAXPEAVQWheelEvent@@@Z 000000014000b344 f   Qt5Widgets:Qt5Widgets.dll
 0001:0000a34a       ?keyReleaseEvent@QAbstractSpinBox@@MEAAXPEAVQKeyEvent@@@Z 000000014000b34a f   Qt5Widgets:Qt5Widgets.dll
 0001:0000a350       ?keyPressEvent@QAbstractSpinBox@@MEAAXPEAVQKeyEvent@@@Z 000000014000b350 f   Qt5Widgets:Qt5Widgets.dll
 0001:0000a356       ?resizeEvent@QAbstractSpinBox@@MEAAXPEAVQResizeEvent@@@Z 000000014000b356 f   Qt5Widgets:Qt5Widgets.dll
 0001:0000a35c       ?clear@QAbstractSpinBox@@UEAAXXZ 000000014000b35c f   Qt5Widgets:Qt5Widgets.dll
 0001:0000a362       ?stepBy@QAbstractSpinBox@@UEAAXH@Z 000000014000b362 f   Qt5Widgets:Qt5Widgets.dll
 0001:0000a368       ?inputMethodQuery@QAbstractSpinBox@@UEBA?AVQVariant@@W4InputMethodQuery@Qt@@@Z 000000014000b368 f   Qt5Widgets:Qt5Widgets.dll
 0001:0000a36e       ?event@QAbstractSpinBox@@UEAA_NPEAVQEvent@@@Z 000000014000b36e f   Qt5Widgets:Qt5Widgets.dll
 0001:0000a374       ?minimumSizeHint@QAbstractSpinBox@@UEBA?AVQSize@@XZ 000000014000b374 f   Qt5Widgets:Qt5Widgets.dll
 0001:0000a37a       ?sizeHint@QAbstractSpinBox@@UEBA?AVQSize@@XZ 000000014000b37a f   Qt5Widgets:Qt5Widgets.dll
 0001:0000a380       ?doSetTextCursor@QPlainTextEdit@@MEAAXAEBVQTextCursor@@@Z 000000014000b380 f   Qt5Widgets:Qt5Widgets.dll
 0001:0000a386       ?scrollContentsBy@QPlainTextEdit@@MEAAXHH@Z 000000014000b386 f   Qt5Widgets:Qt5Widgets.dll
 0001:0000a38c       ?inputMethodEvent@QPlainTextEdit@@MEAAXPEAVQInputMethodEvent@@@Z 000000014000b38c f   Qt5Widgets:Qt5Widgets.dll
 0001:0000a392       ?insertFromMimeData@QPlainTextEdit@@MEAAXPEBVQMimeData@@@Z 000000014000b392 f   Qt5Widgets:Qt5Widgets.dll
 0001:0000a398       ?canInsertFromMimeData@QPlainTextEdit@@MEBA_NPEBVQMimeData@@@Z 000000014000b398 f   Qt5Widgets:Qt5Widgets.dll
 0001:0000a39e       ?createMimeDataFromSelection@QPlainTextEdit@@MEBAPEAVQMimeData@@XZ 000000014000b39e f   Qt5Widgets:Qt5Widgets.dll
 0001:0000a3a4       ?wheelEvent@QPlainTextEdit@@MEAAXPEAVQWheelEvent@@@Z 000000014000b3a4 f   Qt5Widgets:Qt5Widgets.dll
 0001:0000a3aa       ?changeEvent@QPlainTextEdit@@MEAAXPEAVQEvent@@@Z 000000014000b3aa f   Qt5Widgets:Qt5Widgets.dll
 0001:0000a3b0       ?showEvent@QPlainTextEdit@@MEAAXPEAVQShowEvent@@@Z 000000014000b3b0 f   Qt5Widgets:Qt5Widgets.dll
 0001:0000a3b6       ?focusOutEvent@QPlainTextEdit@@MEAAXPEAVQFocusEvent@@@Z 000000014000b3b6 f   Qt5Widgets:Qt5Widgets.dll
 0001:0000a3bc       ?focusInEvent@QPlainTextEdit@@MEAAXPEAVQFocusEvent@@@Z 000000014000b3bc f   Qt5Widgets:Qt5Widgets.dll
 0001:0000a3c2       ?dropEvent@QPlainTextEdit@@MEAAXPEAVQDropEvent@@@Z 000000014000b3c2 f   Qt5Widgets:Qt5Widgets.dll
 0001:0000a3c8       ?dragMoveEvent@QPlainTextEdit@@MEAAXPEAVQDragMoveEvent@@@Z 000000014000b3c8 f   Qt5Widgets:Qt5Widgets.dll
 0001:0000a3ce       ?dragLeaveEvent@QPlainTextEdit@@MEAAXPEAVQDragLeaveEvent@@@Z 000000014000b3ce f   Qt5Widgets:Qt5Widgets.dll
 0001:0000a3d4       ?dragEnterEvent@QPlainTextEdit@@MEAAXPEAVQDragEnterEvent@@@Z 000000014000b3d4 f   Qt5Widgets:Qt5Widgets.dll
 0001:0000a3da       ?contextMenuEvent@QPlainTextEdit@@MEAAXPEAVQContextMenuEvent@@@Z 000000014000b3da f   Qt5Widgets:Qt5Widgets.dll
 0001:0000a3e0       ?focusNextPrevChild@QPlainTextEdit@@MEAA_N_N@Z 000000014000b3e0 f   Qt5Widgets:Qt5Widgets.dll
 0001:0000a3e6       ?mouseDoubleClickEvent@QPlainTextEdit@@MEAAXPEAVQMouseEvent@@@Z 000000014000b3e6 f   Qt5Widgets:Qt5Widgets.dll
 0001:0000a3ec       ?mouseReleaseEvent@QPlainTextEdit@@MEAAXPEAVQMouseEvent@@@Z 000000014000b3ec f   Qt5Widgets:Qt5Widgets.dll
 0001:0000a3f2       ?mouseMoveEvent@QPlainTextEdit@@MEAAXPEAVQMouseEvent@@@Z 000000014000b3f2 f   Qt5Widgets:Qt5Widgets.dll
 0001:0000a3f8       ?mousePressEvent@QPlainTextEdit@@MEAAXPEAVQMouseEvent@@@Z 000000014000b3f8 f   Qt5Widgets:Qt5Widgets.dll
 0001:0000a3fe       ?paintEvent@QPlainTextEdit@@MEAAXPEAVQPaintEvent@@@Z 000000014000b3fe f   Qt5Widgets:Qt5Widgets.dll
 0001:0000a404       ?resizeEvent@QPlainTextEdit@@MEAAXPEAVQResizeEvent@@@Z 000000014000b404 f   Qt5Widgets:Qt5Widgets.dll
 0001:0000a40a       ?keyReleaseEvent@QPlainTextEdit@@MEAAXPEAVQKeyEvent@@@Z 000000014000b40a f   Qt5Widgets:Qt5Widgets.dll
 0001:0000a410       ?keyPressEvent@QPlainTextEdit@@MEAAXPEAVQKeyEvent@@@Z 000000014000b410 f   Qt5Widgets:Qt5Widgets.dll
 0001:0000a416       ?timerEvent@QPlainTextEdit@@MEAAXPEAVQTimerEvent@@@Z 000000014000b416 f   Qt5Widgets:Qt5Widgets.dll
 0001:0000a41c       ?event@QPlainTextEdit@@MEAA_NPEAVQEvent@@@Z 000000014000b41c f   Qt5Widgets:Qt5Widgets.dll
 0001:0000a422       ?inputMethodQuery@QPlainTextEdit@@UEBA?AVQVariant@@W4InputMethodQuery@Qt@@@Z 000000014000b422 f   Qt5Widgets:Qt5Widgets.dll
 0001:0000a428       ?loadResource@QPlainTextEdit@@UEAA?AVQVariant@@HAEBVQUrl@@@Z 000000014000b428 f   Qt5Widgets:Qt5Widgets.dll
 0001:0000a42e       ?qt_metacall@QPlainTextEdit@@UEAAHW4Call@QMetaObject@@HPEAPEAX@Z 000000014000b42e f   Qt5Widgets:Qt5Widgets.dll
 0001:0000a434       ?qt_metacast@QPlainTextEdit@@UEAAPEAXPEBD@Z 000000014000b434 f   Qt5Widgets:Qt5Widgets.dll
 0001:0000a43a       ?metaObject@QPlainTextEdit@@UEBAPEBUQMetaObject@@XZ 000000014000b43a f   Qt5Widgets:Qt5Widgets.dll
 0001:0000a440       ?focusNextPrevChild@QWidget@@MEAA_N_N@Z 000000014000b440 f   Qt5Widgets:Qt5Widgets.dll
 0001:0000a446       ?inputMethodQuery@QWidget@@UEBA?AVQVariant@@W4InputMethodQuery@Qt@@@Z 000000014000b446 f   Qt5Widgets:Qt5Widgets.dll
 0001:0000a44c       ?inputMethodEvent@QWidget@@MEAAXPEAVQInputMethodEvent@@@Z 000000014000b44c f   Qt5Widgets:Qt5Widgets.dll
 0001:0000a452       ?sharedPainter@QWidget@@MEBAPEAVQPainter@@XZ 000000014000b452 f   Qt5Widgets:Qt5Widgets.dll
 0001:0000a458       ?redirected@QWidget@@MEBAPEAVQPaintDevice@@PEAVQPoint@@@Z 000000014000b458 f   Qt5Widgets:Qt5Widgets.dll
 0001:0000a45e       ?initPainter@QWidget@@MEBAXPEAVQPainter@@@Z 000000014000b45e f   Qt5Widgets:Qt5Widgets.dll
 0001:0000a464       ?metric@QWidget@@MEBAHW4PaintDeviceMetric@QPaintDevice@@@Z 000000014000b464 f   Qt5Widgets:Qt5Widgets.dll
 0001:0000a46a       ?changeEvent@QWidget@@MEAAXPEAVQEvent@@@Z 000000014000b46a f   Qt5Widgets:Qt5Widgets.dll
 0001:0000a470       ?nativeEvent@QWidget@@MEAA_NAEBVQByteArray@@PEAXPEAJ@Z 000000014000b470 f   Qt5Widgets:Qt5Widgets.dll
 0001:0000a476       ?hideEvent@QWidget@@MEAAXPEAVQHideEvent@@@Z 000000014000b476 f   Qt5Widgets:Qt5Widgets.dll
 0001:0000a47c       ?showEvent@QWidget@@MEAAXPEAVQShowEvent@@@Z 000000014000b47c f   Qt5Widgets:Qt5Widgets.dll
 0001:0000a482       ?dropEvent@QWidget@@MEAAXPEAVQDropEvent@@@Z 000000014000b482 f   Qt5Widgets:Qt5Widgets.dll
 0001:0000a488       ?dragLeaveEvent@QWidget@@MEAAXPEAVQDragLeaveEvent@@@Z 000000014000b488 f   Qt5Widgets:Qt5Widgets.dll
 0001:0000a48e       ?dragMoveEvent@QWidget@@MEAAXPEAVQDragMoveEvent@@@Z 000000014000b48e f   Qt5Widgets:Qt5Widgets.dll
 0001:0000a494       ?dragEnterEvent@QWidget@@MEAAXPEAVQDragEnterEvent@@@Z 000000014000b494 f   Qt5Widgets:Qt5Widgets.dll
 0001:0000a49a       ?actionEvent@QWidget@@MEAAXPEAVQActionEvent@@@Z 000000014000b49a f   Qt5Widgets:Qt5Widgets.dll
 0001:0000a4a0       ?tabletEvent@QWidget@@MEAAXPEAVQTabletEvent@@@Z 000000014000b4a0 f   Qt5Widgets:Qt5Widgets.dll
 0001:0000a4a6       ?contextMenuEvent@QWidget@@MEAAXPEAVQContextMenuEvent@@@Z 000000014000b4a6 f   Qt5Widgets:Qt5Widgets.dll
 0001:0000a4ac       ?closeEvent@QWidget@@MEAAXPEAVQCloseEvent@@@Z 000000014000b4ac f   Qt5Widgets:Qt5Widgets.dll
 0001:0000a4b2       ?resizeEvent@QWidget@@MEAAXPEAVQResizeEvent@@@Z 000000014000b4b2 f   Qt5Widgets:Qt5Widgets.dll
 0001:0000a4b8       ?moveEvent@QWidget@@MEAAXPEAVQMoveEvent@@@Z 000000014000b4b8 f   Qt5Widgets:Qt5Widgets.dll
 0001:0000a4be       ?paintEvent@QWidget@@MEAAXPEAVQPaintEvent@@@Z 000000014000b4be f   Qt5Widgets:Qt5Widgets.dll
 0001:0000a4c4       ?leaveEvent@QWidget@@MEAAXPEAVQEvent@@@Z 000000014000b4c4 f   Qt5Widgets:Qt5Widgets.dll
 0001:0000a4ca       ?enterEvent@QWidget@@MEAAXPEAVQEvent@@@Z 000000014000b4ca f   Qt5Widgets:Qt5Widgets.dll
 0001:0000a4d0       ?focusOutEvent@QWidget@@MEAAXPEAVQFocusEvent@@@Z 000000014000b4d0 f   Qt5Widgets:Qt5Widgets.dll
 0001:0000a4d6       ?focusInEvent@QWidget@@MEAAXPEAVQFocusEvent@@@Z 000000014000b4d6 f   Qt5Widgets:Qt5Widgets.dll
 0001:0000a4dc       ?keyReleaseEvent@QWidget@@MEAAXPEAVQKeyEvent@@@Z 000000014000b4dc f   Qt5Widgets:Qt5Widgets.dll
 0001:0000a4e2       ?keyPressEvent@QWidget@@MEAAXPEAVQKeyEvent@@@Z 000000014000b4e2 f   Qt5Widgets:Qt5Widgets.dll
 0001:0000a4e8       ?wheelEvent@QWidget@@MEAAXPEAVQWheelEvent@@@Z 000000014000b4e8 f   Qt5Widgets:Qt5Widgets.dll
 0001:0000a4ee       ?mouseMoveEvent@QWidget@@MEAAXPEAVQMouseEvent@@@Z 000000014000b4ee f   Qt5Widgets:Qt5Widgets.dll
 0001:0000a4f4       ?mouseDoubleClickEvent@QWidget@@MEAAXPEAVQMouseEvent@@@Z 000000014000b4f4 f   Qt5Widgets:Qt5Widgets.dll
 0001:0000a4fa       ?mouseReleaseEvent@QWidget@@MEAAXPEAVQMouseEvent@@@Z 000000014000b4fa f   Qt5Widgets:Qt5Widgets.dll
 0001:0000a500       ?mousePressEvent@QWidget@@MEAAXPEAVQMouseEvent@@@Z 000000014000b500 f   Qt5Widgets:Qt5Widgets.dll
 0001:0000a506       ?event@QWidget@@MEAA_NPEAVQEvent@@@Z 000000014000b506 f   Qt5Widgets:Qt5Widgets.dll
 0001:0000a50c       ?paintEngine@QWidget@@UEBAPEAVQPaintEngine@@XZ 000000014000b50c f   Qt5Widgets:Qt5Widgets.dll
 0001:0000a512       ?hasHeightForWidth@QWidget@@UEBA_NXZ 000000014000b512 f   Qt5Widgets:Qt5Widgets.dll
 0001:0000a518       ?heightForWidth@QWidget@@UEBAHH@Z 000000014000b518 f   Qt5Widgets:Qt5Widgets.dll
 0001:0000a51e       ?minimumSizeHint@QWidget@@UEBA?AVQSize@@XZ 000000014000b51e f   Qt5Widgets:Qt5Widgets.dll
 0001:0000a524       ?sizeHint@QWidget@@UEBA?AVQSize@@XZ 000000014000b524 f   Qt5Widgets:Qt5Widgets.dll
 0001:0000a52a       ?setVisible@QWidget@@UEAAX_N@Z 000000014000b52a f   Qt5Widgets:Qt5Widgets.dll
 0001:0000a530       ?devType@QWidget@@UEBAHXZ  000000014000b530 f   Qt5Widgets:Qt5Widgets.dll
 0001:0000a536       ?qt_metacall@QWidget@@UEAAHW4Call@QMetaObject@@HPEAPEAX@Z 000000014000b536 f   Qt5Widgets:Qt5Widgets.dll
 0001:0000a53c       ?qt_metacast@QWidget@@UEAAPEAXPEBD@Z 000000014000b53c f   Qt5Widgets:Qt5Widgets.dll
 0001:0000a542       ?metaObject@QWidget@@UEBAPEBUQMetaObject@@XZ 000000014000b542 f   Qt5Widgets:Qt5Widgets.dll
 0001:0000a548       ?inputMethodEvent@QComboBox@@MEAAXPEAVQInputMethodEvent@@@Z 000000014000b548 f   Qt5Widgets:Qt5Widgets.dll
 0001:0000a54e       ?contextMenuEvent@QComboBox@@MEAAXPEAVQContextMenuEvent@@@Z 000000014000b54e f   Qt5Widgets:Qt5Widgets.dll
 0001:0000a554       ?wheelEvent@QComboBox@@MEAAXPEAVQWheelEvent@@@Z 000000014000b554 f   Qt5Widgets:Qt5Widgets.dll
 0001:0000a55a       ?keyReleaseEvent@QComboBox@@MEAAXPEAVQKeyEvent@@@Z 000000014000b55a f   Qt5Widgets:Qt5Widgets.dll
 0001:0000a560       ?keyPressEvent@QComboBox@@MEAAXPEAVQKeyEvent@@@Z 000000014000b560 f   Qt5Widgets:Qt5Widgets.dll
 0001:0000a566       ?mouseReleaseEvent@QComboBox@@MEAAXPEAVQMouseEvent@@@Z 000000014000b566 f   Qt5Widgets:Qt5Widgets.dll
 0001:0000a56c       ?mousePressEvent@QComboBox@@MEAAXPEAVQMouseEvent@@@Z 000000014000b56c f   Qt5Widgets:Qt5Widgets.dll
 0001:0000a572       ?hideEvent@QComboBox@@MEAAXPEAVQHideEvent@@@Z 000000014000b572 f   Qt5Widgets:Qt5Widgets.dll
 0001:0000a578       ?showEvent@QComboBox@@MEAAXPEAVQShowEvent@@@Z 000000014000b578 f   Qt5Widgets:Qt5Widgets.dll
 0001:0000a57e       ?paintEvent@QComboBox@@MEAAXPEAVQPaintEvent@@@Z 000000014000b57e f   Qt5Widgets:Qt5Widgets.dll
 0001:0000a584       ?resizeEvent@QComboBox@@MEAAXPEAVQResizeEvent@@@Z 000000014000b584 f   Qt5Widgets:Qt5Widgets.dll
 0001:0000a58a       ?changeEvent@QComboBox@@MEAAXPEAVQEvent@@@Z 000000014000b58a f   Qt5Widgets:Qt5Widgets.dll
 0001:0000a590       ?focusOutEvent@QComboBox@@MEAAXPEAVQFocusEvent@@@Z 000000014000b590 f   Qt5Widgets:Qt5Widgets.dll
 0001:0000a596       ?focusInEvent@QComboBox@@MEAAXPEAVQFocusEvent@@@Z 000000014000b596 f   Qt5Widgets:Qt5Widgets.dll
 0001:0000a59c       ?inputMethodQuery@QComboBox@@UEBA?AVQVariant@@W4InputMethodQuery@Qt@@@Z 000000014000b59c f   Qt5Widgets:Qt5Widgets.dll
 0001:0000a5a2       ?event@QComboBox@@UEAA_NPEAVQEvent@@@Z 000000014000b5a2 f   Qt5Widgets:Qt5Widgets.dll
 0001:0000a5a8       ?hidePopup@QComboBox@@UEAAXXZ 000000014000b5a8 f   Qt5Widgets:Qt5Widgets.dll
 0001:0000a5ae       ?showPopup@QComboBox@@UEAAXXZ 000000014000b5ae f   Qt5Widgets:Qt5Widgets.dll
 0001:0000a5b4       ?minimumSizeHint@QComboBox@@UEBA?AVQSize@@XZ 000000014000b5b4 f   Qt5Widgets:Qt5Widgets.dll
 0001:0000a5ba       ?sizeHint@QComboBox@@UEBA?AVQSize@@XZ 000000014000b5ba f   Qt5Widgets:Qt5Widgets.dll
 0001:0000a5c0       ?qt_metacall@QComboBox@@UEAAHW4Call@QMetaObject@@HPEAPEAX@Z 000000014000b5c0 f   Qt5Widgets:Qt5Widgets.dll
 0001:0000a5c6       ?qt_metacast@QComboBox@@UEAAPEAXPEBD@Z 000000014000b5c6 f   Qt5Widgets:Qt5Widgets.dll
 0001:0000a5cc       ?metaObject@QComboBox@@UEBAPEBUQMetaObject@@XZ 000000014000b5cc f   Qt5Widgets:Qt5Widgets.dll
 0001:0000a5d2       ?focusNextPrevChild@QLabel@@MEAA_N_N@Z 000000014000b5d2 f   Qt5Widgets:Qt5Widgets.dll
 0001:0000a5d8       ?focusOutEvent@QLabel@@MEAAXPEAVQFocusEvent@@@Z 000000014000b5d8 f   Qt5Widgets:Qt5Widgets.dll
 0001:0000a5de       ?focusInEvent@QLabel@@MEAAXPEAVQFocusEvent@@@Z 000000014000b5de f   Qt5Widgets:Qt5Widgets.dll
 0001:0000a5e4       ?contextMenuEvent@QLabel@@MEAAXPEAVQContextMenuEvent@@@Z 000000014000b5e4 f   Qt5Widgets:Qt5Widgets.dll
 0001:0000a5ea       ?mouseReleaseEvent@QLabel@@MEAAXPEAVQMouseEvent@@@Z 000000014000b5ea f   Qt5Widgets:Qt5Widgets.dll
 0001:0000a5f0       ?mouseMoveEvent@QLabel@@MEAAXPEAVQMouseEvent@@@Z 000000014000b5f0 f   Qt5Widgets:Qt5Widgets.dll
 0001:0000a5f6       ?mousePressEvent@QLabel@@MEAAXPEAVQMouseEvent@@@Z 000000014000b5f6 f   Qt5Widgets:Qt5Widgets.dll
 0001:0000a5fc       ?changeEvent@QLabel@@MEAAXPEAVQEvent@@@Z 000000014000b5fc f   Qt5Widgets:Qt5Widgets.dll
 0001:0000a602       ?paintEvent@QLabel@@MEAAXPEAVQPaintEvent@@@Z 000000014000b602 f   Qt5Widgets:Qt5Widgets.dll
 0001:0000a608       ?keyPressEvent@QLabel@@MEAAXPEAVQKeyEvent@@@Z 000000014000b608 f   Qt5Widgets:Qt5Widgets.dll
 0001:0000a60e       ?event@QLabel@@MEAA_NPEAVQEvent@@@Z 000000014000b60e f   Qt5Widgets:Qt5Widgets.dll
 0001:0000a614       ?heightForWidth@QLabel@@UEBAHH@Z 000000014000b614 f   Qt5Widgets:Qt5Widgets.dll
 0001:0000a61a       ?minimumSizeHint@QLabel@@UEBA?AVQSize@@XZ 000000014000b61a f   Qt5Widgets:Qt5Widgets.dll
 0001:0000a620       ?sizeHint@QLabel@@UEBA?AVQSize@@XZ 000000014000b620 f   Qt5Widgets:Qt5Widgets.dll
 0001:0000a626       ?qt_metacall@QLabel@@UEAAHW4Call@QMetaObject@@HPEAPEAX@Z 000000014000b626 f   Qt5Widgets:Qt5Widgets.dll
 0001:0000a62c       ?qt_metacast@QLabel@@UEAAPEAXPEBD@Z 000000014000b62c f   Qt5Widgets:Qt5Widgets.dll
 0001:0000a632       ?metaObject@QLabel@@UEBAPEBUQMetaObject@@XZ 000000014000b632 f   Qt5Widgets:Qt5Widgets.dll
 0001:0000a638       ??1QApplication@@UEAA@XZ   000000014000b638 f   Qt5Widgets:Qt5Widgets.dll
 0001:0000a63e       ??1QFont@@QEAA@XZ          000000014000b63e f   Qt5Gui:Qt5Gui.dll
 0001:0000a644       ?disconnectNotify@QObject@@MEAAXAEBVQMetaMethod@@@Z 000000014000b644 f   Qt5Core:Qt5Core.dll
 0001:0000a64a       ?connectNotify@QObject@@MEAAXAEBVQMetaMethod@@@Z 000000014000b64a f   Qt5Core:Qt5Core.dll
 0001:0000a650       ?customEvent@QObject@@MEAAXPEAVQEvent@@@Z 000000014000b650 f   Qt5Core:Qt5Core.dll
 0001:0000a656       ?childEvent@QObject@@MEAAXPEAVQChildEvent@@@Z 000000014000b656 f   Qt5Core:Qt5Core.dll
 0001:0000a65c       ?timerEvent@QObject@@MEAAXPEAVQTimerEvent@@@Z 000000014000b65c f   Qt5Core:Qt5Core.dll
 0001:0000a662       ?eventFilter@QObject@@UEAA_NPEAV1@PEAVQEvent@@@Z 000000014000b662 f   Qt5Core:Qt5Core.dll
 0001:0000a668       ?event@QObject@@UEAA_NPEAVQEvent@@@Z 000000014000b668 f   Qt5Core:Qt5Core.dll
 0001:0000a66e       ??1QVariant@@QEAA@XZ       000000014000b66e f   Qt5Core:Qt5Core.dll
 0001:0000a674       ??1QString@@QEAA@XZ        000000014000b674 f   Qt5Core:Qt5Core.dll
 0001:0000a67a       ??1QDebug@@QEAA@XZ         000000014000b67a f   Qt5Core:Qt5Core.dll
 0001:0000a680       ??1QObject@@UEAA@XZ        000000014000b680 f   Qt5Core:Qt5Core.dll
 0001:0000a686       ??1_Lockit@std@@QEAA@XZ    000000014000b686 f   msvcprt:MSVCP140.dll
 0001:0000a690       ?_Facet_Register@std@@YAXPEAV_Facet_base@1@@Z 000000014000b690 f   msvcprt:locale0_implib.obj
 0001:0000a6d0       ?showmanyc@?$basic_streambuf@DU?$char_traits@D@std@@@std@@MEAA_JXZ 000000014000b6d0 f   msvcprt:MSVCP140.dll
 0001:0000a6d6       ?_Xbad_alloc@std@@YAXXZ    000000014000b6d6 f   msvcprt:MSVCP140.dll
 0001:0000a6f0       __security_check_cookie    000000014000b6f0 f   MSVCRT:amdsecgs.obj
 0001:0000a710       ??2@YAPEAX_K@Z             000000014000b710 f   MSVCRT:new_scalar.obj
 0001:0000a74c       ??3@YAXPEAX_K@Z            000000014000b74c f   MSVCRT:delete_scalar_size.obj
 0001:0000a74c       ??_V@YAXPEAX@Z             000000014000b74c f   MSVCRT:delete_array.obj
 0001:0000a754       ??_Etype_info@@UEAAPEAXI@Z 000000014000b754 f i MSVCRT:std_type_info_static.obj
 0001:0000a754       ??_Gtype_info@@UEAAPEAXI@Z 000000014000b754 f i MSVCRT:std_type_info_static.obj
 0001:0000a780       __scrt_acquire_startup_lock 000000014000b780 f   MSVCRT:utility.obj
 0001:0000a7bc       __scrt_initialize_crt      000000014000b7bc f   MSVCRT:utility.obj
 0001:0000a7f8       __scrt_initialize_onexit_tables 000000014000b7f8 f   MSVCRT:utility.obj
 0001:0000a884       __scrt_is_nonwritable_in_current_image 000000014000b884 f   MSVCRT:utility.obj
 0001:0000a91c       __scrt_release_startup_lock 000000014000b91c f   MSVCRT:utility.obj
 0001:0000a940       __scrt_uninitialize_crt    000000014000b940 f   MSVCRT:utility.obj
 0001:0000a96c       _onexit                    000000014000b96c f   MSVCRT:utility.obj
 0001:0000a9a8       atexit                     000000014000b9a8 f   MSVCRT:utility.obj
 0001:0000ac18       WinMainCRTStartup          000000014000bc18 f   MSVCRT:exe_winmain.obj
 0001:0000ac2c       __raise_securityfailure    000000014000bc2c f   MSVCRT:gs_report.obj
 0001:0000ac60       __report_gsfailure         000000014000bc60 f   MSVCRT:gs_report.obj
 0001:0000ada8       ??0bad_alloc@std@@QEAA@XZ  000000014000bda8 f i MSVCRT:throw_bad_alloc.obj
 0001:0000adc8       ?__scrt_throw_std_bad_alloc@@YAXXZ 000000014000bdc8 f   MSVCRT:throw_bad_alloc.obj
 0001:0000ade8       ??3@YAXPEAX@Z              000000014000bde8 f   MSVCRT:delete_scalar.obj
 0001:0000adf0       __isa_available_init       000000014000bdf0 f   MSVCRT:cpu_disp.obj
 0001:0000b0bc       _get_startup_argv_mode     000000014000c0bc f   MSVCRT:argv_mode.obj
 0001:0000b0c4       __scrt_is_ucrt_dll_in_use  000000014000c0c4 f   MSVCRT:ucrt_detection.obj
 0001:0000b0d0       __crt_debugger_hook        000000014000c0d0 f   MSVCRT:utility_desktop.obj
 0001:0000b0d8       __scrt_fastfail            000000014000c0d8 f   MSVCRT:utility_desktop.obj
 0001:0000b220       __scrt_get_show_window_mode 000000014000c220 f   MSVCRT:utility_desktop.obj
 0001:0000b25c       __scrt_initialize_mta      000000014000c25c f   MSVCRT:utility_desktop.obj
 0001:0000b264       __scrt_exe_initialize_mta  000000014000c264 f   MSVCRT:utility_desktop.obj
 0001:0000b264       __scrt_initialize_winrt    000000014000c264 f   MSVCRT:utility_desktop.obj
 0001:0000b264       __scrt_stub_for_initialize_mta 000000014000c264 f   MSVCRT:utility_desktop.obj
 0001:0000b264       _get_startup_commit_mode   000000014000c264 f   MSVCRT:commit_mode.obj
 0001:0000b264       _get_startup_new_mode      000000014000c264 f   MSVCRT:new_mode.obj
 0001:0000b264       _get_startup_thread_locale_mode 000000014000c264 f   MSVCRT:thread_locale.obj
 0001:0000b264       _matherr                   000000014000c264 f   MSVCRT:matherr.obj
 0001:0000b268       __scrt_is_managed_app      000000014000c268 f   MSVCRT:utility_desktop.obj
 0001:0000b2bc       __scrt_set_unhandled_exception_filter 000000014000c2bc f   MSVCRT:utility_desktop.obj
 0001:0000b2cc       __scrt_unhandled_exception_filter 000000014000c2cc f   MSVCRT:utility_desktop.obj
 0001:0000b328       __security_init_cookie     000000014000c328 f   MSVCRT:gs_support.obj
 0001:0000b3d4       _get_startup_file_mode     000000014000c3d4 f   MSVCRT:file_mode.obj
 0001:0000b3dc       ?__scrt_initialize_type_info@@YAXXZ 000000014000c3dc f   MSVCRT:tncleanup.obj
 0001:0000b3ec       __acrt_initialize          000000014000c3ec f   MSVCRT:ucrt_stubs.obj
 0001:0000b3ec       __acrt_uninitialize        000000014000c3ec f   MSVCRT:ucrt_stubs.obj
 0001:0000b3ec       __scrt_stub_for_acrt_initialize 000000014000c3ec f   MSVCRT:ucrt_stubs.obj
 0001:0000b3ec       __scrt_stub_for_acrt_uninitialize 000000014000c3ec f   MSVCRT:ucrt_stubs.obj
 0001:0000b3ec       __vcrt_initialize          000000014000c3ec f   MSVCRT:ucrt_stubs.obj
 0001:0000b3ec       __vcrt_uninitialize        000000014000c3ec f   MSVCRT:ucrt_stubs.obj
 0001:0000b3ec       _should_initialize_environment 000000014000c3ec f   MSVCRT:env_mode.obj
 0001:0000b3f0       __local_stdio_printf_options 000000014000c3f0 f i MSVCRT:default_local_stdio_options.obj
 0001:0000b3f8       __local_stdio_scanf_options 000000014000c3f8 f i MSVCRT:default_local_stdio_options.obj
 0001:0000b400       __scrt_initialize_default_local_stdio_options 000000014000c400 f   MSVCRT:default_local_stdio_options.obj
 0001:0000b41c       __scrt_is_user_matherr_present 000000014000c41c f   MSVCRT:matherr_detection.obj
 0001:0000b428       __scrt_get_dyn_tls_init_callback 000000014000c428 f   MSVCRT:dyn_tls_init.obj
 0001:0000b430       __scrt_get_dyn_tls_dtor_callback 000000014000c430 f   MSVCRT:dyn_tls_dtor.obj
 0001:0000b438       _RTC_Initialize            000000014000c438 f   MSVCRT:initsect.obj
 0001:0000b474       _RTC_Terminate             000000014000c474 f   MSVCRT:initsect.obj
 0001:0000b4b0       __CxxFrameHandler4         000000014000c4b0 f   vcruntime:VCRUNTIME140_1.dll
 0001:0000b4b6       __std_terminate            000000014000c4b6 f   vcruntime:VCRUNTIME140.dll
 0001:0000b4bc       __C_specific_handler       000000014000c4bc f   vcruntime:VCRUNTIME140.dll
 0001:0000b4c2       _CxxThrowException         000000014000c4c2 f   vcruntime:VCRUNTIME140.dll
 0001:0000b4c8       __current_exception        000000014000c4c8 f   vcruntime:VCRUNTIME140.dll
 0001:0000b4ce       __current_exception_context 000000014000c4ce f   vcruntime:VCRUNTIME140.dll
 0001:0000b4d4       memset                     000000014000c4d4 f   vcruntime:VCRUNTIME140.dll
 0001:0000b4da       free                       000000014000c4da f   ucrt:api-ms-win-crt-heap-l1-1-0.dll
 0001:0000b4e0       malloc                     000000014000c4e0 f   ucrt:api-ms-win-crt-heap-l1-1-0.dll
 0001:0000b4e6       _callnewh                  000000014000c4e6 f   ucrt:api-ms-win-crt-heap-l1-1-0.dll
 0001:0000b4ec       _configure_narrow_argv     000000014000c4ec f   ucrt:api-ms-win-crt-runtime-l1-1-0.dll
 0001:0000b4f2       _initialize_narrow_environment 000000014000c4f2 f   ucrt:api-ms-win-crt-runtime-l1-1-0.dll
 0001:0000b4f8       _initialize_onexit_table   000000014000c4f8 f   ucrt:api-ms-win-crt-runtime-l1-1-0.dll
 0001:0000b4fe       _register_onexit_function  000000014000c4fe f   ucrt:api-ms-win-crt-runtime-l1-1-0.dll
 0001:0000b504       _crt_atexit                000000014000c504 f   ucrt:api-ms-win-crt-runtime-l1-1-0.dll
 0001:0000b50a       _cexit                     000000014000c50a f   ucrt:api-ms-win-crt-runtime-l1-1-0.dll
 0001:0000b510       _seh_filter_exe            000000014000c510 f   ucrt:api-ms-win-crt-runtime-l1-1-0.dll
 0001:0000b516       _set_app_type              000000014000c516 f   ucrt:api-ms-win-crt-runtime-l1-1-0.dll
 0001:0000b51c       __setusermatherr           000000014000c51c f   ucrt:api-ms-win-crt-math-l1-1-0.dll
 0001:0000b522       _get_narrow_winmain_command_line 000000014000c522 f   ucrt:api-ms-win-crt-runtime-l1-1-0.dll
 0001:0000b528       _initterm                  000000014000c528 f   ucrt:api-ms-win-crt-runtime-l1-1-0.dll
 0001:0000b52e       _initterm_e                000000014000c52e f   ucrt:api-ms-win-crt-runtime-l1-1-0.dll
 0001:0000b534       exit                       000000014000c534 f   ucrt:api-ms-win-crt-runtime-l1-1-0.dll
 0001:0000b53a       _exit                      000000014000c53a f   ucrt:api-ms-win-crt-runtime-l1-1-0.dll
 0001:0000b540       _set_fmode                 000000014000c540 f   ucrt:api-ms-win-crt-stdio-l1-1-0.dll
 0001:0000b546       _c_exit                    000000014000c546 f   ucrt:api-ms-win-crt-runtime-l1-1-0.dll
 0001:0000b54c       _register_thread_local_exe_atexit_callback 000000014000c54c f   ucrt:api-ms-win-crt-runtime-l1-1-0.dll
 0001:0000b552       _configthreadlocale        000000014000c552 f   ucrt:api-ms-win-crt-locale-l1-1-0.dll
 0001:0000b558       _set_new_mode              000000014000c558 f   ucrt:api-ms-win-crt-heap-l1-1-0.dll
 0001:0000b55e       __p__commode               000000014000c55e f   ucrt:api-ms-win-crt-stdio-l1-1-0.dll
 0001:0000b564       terminate                  000000014000c564 f   ucrt:api-ms-win-crt-runtime-l1-1-0.dll
 0001:0000b570       WinMain                    000000014000c570 f   qtmain:qtmain_win.obj
 0001:0000b70c       ??_U@YAPEAX_K@Z            000000014000c70c f   MSVCRT:new_array.obj
 0001:0000b714       __GSHandlerCheck           000000014000c714 f   MSVCRT:gshandler.obj
 0001:0000b734       __GSHandlerCheckCommon     000000014000c734 f   MSVCRT:gshandler.obj
 0001:0000b790       __GSHandlerCheck_EH4       000000014000c790 f   MSVCRT:gshandlereh4.obj
 0001:0000b80f       memchr                     000000014000c80f f   vcruntime:VCRUNTIME140.dll
 0001:0000b815       memcpy                     000000014000c815 f   vcruntime:VCRUNTIME140.dll
 0001:0000b81b       memmove                    000000014000c81b f   vcruntime:VCRUNTIME140.dll
 0001:0000b840       _guard_dispatch_icall_nop  000000014000c840 f   MSVCRT:guard_dispatch.obj
 0001:0000b860       _guard_xfg_dispatch_icall_nop 000000014000c860 f   MSVCRT:guard_xfg_dispatch.obj
 0002:00000000       __imp_GetCurrentThreadId   000000014000e000     kernel32:KERNEL32.dll
 0002:00000008       __imp_GetSystemTimeAsFileTime 000000014000e008     kernel32:KERNEL32.dll
 0002:00000010       __imp_GetCommandLineW      000000014000e010     kernel32:KERNEL32.dll
 0002:00000018       __imp_LocalFree            000000014000e018     kernel32:KERNEL32.dll
 0002:00000020       __imp_WideCharToMultiByte  000000014000e020     kernel32:KERNEL32.dll
 0002:00000028       __imp_InitializeSListHead  000000014000e028     kernel32:KERNEL32.dll
 0002:00000030       __imp_RtlCaptureContext    000000014000e030     kernel32:KERNEL32.dll
 0002:00000038       __imp_RtlLookupFunctionEntry 000000014000e038     kernel32:KERNEL32.dll
 0002:00000040       __imp_RtlVirtualUnwind     000000014000e040     kernel32:KERNEL32.dll
 0002:00000048       __imp_UnhandledExceptionFilter 000000014000e048     kernel32:KERNEL32.dll
 0002:00000050       __imp_SetUnhandledExceptionFilter 000000014000e050     kernel32:KERNEL32.dll
 0002:00000058       __imp_GetCurrentProcess    000000014000e058     kernel32:KERNEL32.dll
 0002:00000060       __imp_TerminateProcess     000000014000e060     kernel32:KERNEL32.dll
 0002:00000068       __imp_IsProcessorFeaturePresent 000000014000e068     kernel32:KERNEL32.dll
 0002:00000070       __imp_IsDebuggerPresent    000000014000e070     kernel32:KERNEL32.dll
 0002:00000078       __imp_GetStartupInfoW      000000014000e078     kernel32:KERNEL32.dll
 0002:00000080       __imp_GetModuleHandleW     000000014000e080     kernel32:KERNEL32.dll
 0002:00000088       __imp_QueryPerformanceCounter 000000014000e088     kernel32:KERNEL32.dll
 0002:00000090       __imp_GetCurrentProcessId  000000014000e090     kernel32:KERNEL32.dll
 0002:00000098       \177KERNEL32_NULL_THUNK_DATA 000000014000e098     kernel32:KERNEL32.dll
 0002:000000a0       __imp_?always_noconv@codecvt_base@std@@QEBA_NXZ 000000014000e0a0     msvcprt:MSVCP140.dll
 0002:000000a8       __imp_?read@?$basic_istream@DU?$char_traits@D@std@@@std@@QEAAAEAV12@PEAD_J@Z 000000014000e0a8     msvcprt:MSVCP140.dll
 0002:000000b0       __imp_??1?$basic_istream@DU?$char_traits@D@std@@@std@@UEAA@XZ 000000014000e0b0     msvcprt:MSVCP140.dll
 0002:000000b8       __imp_?write@?$basic_ostream@DU?$char_traits@D@std@@@std@@QEAAAEAV12@PEBD_J@Z 000000014000e0b8     msvcprt:MSVCP140.dll
 0002:000000c0       __imp_??6?$basic_ostream@DU?$char_traits@D@std@@@std@@QEAAAEAV01@H@Z 000000014000e0c0     msvcprt:MSVCP140.dll
 0002:000000c8       __imp_??1?$basic_ostream@DU?$char_traits@D@std@@@std@@UEAA@XZ 000000014000e0c8     msvcprt:MSVCP140.dll
 0002:000000d0       __imp_??1?$basic_ios@DU?$char_traits@D@std@@@std@@UEAA@XZ 000000014000e0d0     msvcprt:MSVCP140.dll
 0002:000000d8       __imp_?xsputn@?$basic_streambuf@DU?$char_traits@D@std@@@std@@MEAA_JPEBD_J@Z 000000014000e0d8     msvcprt:MSVCP140.dll
 0002:000000e0       __imp_?xsgetn@?$basic_streambuf@DU?$char_traits@D@std@@@std@@MEAA_JPEAD_J@Z 000000014000e0e0     msvcprt:MSVCP140.dll
 0002:000000e8       __imp_?showmanyc@?$basic_streambuf@DU?$char_traits@D@std@@@std@@MEAA_JXZ 000000014000e0e8     msvcprt:MSVCP140.dll
 0002:000000f0       __imp_??1?$basic_streambuf@DU?$char_traits@D@std@@@std@@UEAA@XZ 000000014000e0f0     msvcprt:MSVCP140.dll
 0002:000000f8       __imp_?out@?$codecvt@DDU_Mbstatet@@@std@@QEBAHAEAU_Mbstatet@@PEBD1AEAPEBDPEAD3AEAPEAD@Z 000000014000e0f8     msvcprt:MSVCP140.dll
 0002:00000100       __imp_?in@?$codecvt@DDU_Mbstatet@@@std@@QEBAHAEAU_Mbstatet@@PEBD1AEAPEBDPEAD3AEAPEAD@Z 000000014000e100     msvcprt:MSVCP140.dll
 0002:00000108       __imp_??0?$basic_istream@DU?$char_traits@D@std@@@std@@QEAA@PEAV?$basic_streambuf@DU?$char_traits@D@std@@@1@_N@Z 000000014000e108     msvcprt:MSVCP140.dll
 0002:00000110       __imp_??0?$basic_ostream@DU?$char_traits@D@std@@@std@@QEAA@PEAV?$basic_streambuf@DU?$char_traits@D@std@@@1@_N@Z 000000014000e110     msvcprt:MSVCP140.dll
 0002:00000118       __imp_??0?$basic_ios@DU?$char_traits@D@std@@@std@@IEAA@XZ 000000014000e118     msvcprt:MSVCP140.dll
 0002:00000120       __imp_?_Init@?$basic_streambuf@DU?$char_traits@D@std@@@std@@IEAAXXZ 000000014000e120     msvcprt:MSVCP140.dll
 0002:00000128       __imp_??Bid@locale@std@@QEAA_KXZ 000000014000e128     msvcprt:MSVCP140.dll
 0002:00000130       __imp_?unshift@?$codecvt@DDU_Mbstatet@@@std@@QEBAHAEAU_Mbstatet@@PEAD1AEAPEAD@Z 000000014000e130     msvcprt:MSVCP140.dll
 0002:00000138       __imp_?getloc@?$basic_streambuf@DU?$char_traits@D@std@@@std@@QEBA?AVlocale@2@XZ 000000014000e138     msvcprt:MSVCP140.dll
 0002:00000140       __imp_??0?$basic_streambuf@DU?$char_traits@D@std@@@std@@IEAA@XZ 000000014000e140     msvcprt:MSVCP140.dll
 0002:00000148       __imp_?_Getcat@?$codecvt@DDU_Mbstatet@@@std@@SA_KPEAPEBVfacet@locale@2@PEBV42@@Z 000000014000e148     msvcprt:MSVCP140.dll
 0002:00000150       __imp__Cnd_broadcast       000000014000e150     msvcprt:MSVCP140.dll
 0002:00000158       __imp__Mtx_unlock          000000014000e158     msvcprt:MSVCP140.dll
 0002:00000160       __imp__Query_perf_counter  000000014000e160     msvcprt:MSVCP140.dll
 0002:00000168       __imp__Cnd_wait            000000014000e168     msvcprt:MSVCP140.dll
 0002:00000170       __imp__Cnd_register_at_thread_exit 000000014000e170     msvcprt:MSVCP140.dll
 0002:00000178       __imp_?__ExceptionPtrRethrow@@YAXPEBX@Z 000000014000e178     msvcprt:MSVCP140.dll
 0002:00000180       __imp_?__ExceptionPtrCurrentException@@YAXPEAX@Z 000000014000e180     msvcprt:MSVCP140.dll
 0002:00000188       __imp__Mtx_lock            000000014000e188     msvcprt:MSVCP140.dll
 0002:00000190       __imp_?__ExceptionPtrDestroy@@YAXPEAX@Z 000000014000e190     msvcprt:MSVCP140.dll
 0002:00000198       __imp_?__ExceptionPtrToBool@@YA_NPEBX@Z 000000014000e198     msvcprt:MSVCP140.dll
 0002:000001a0       __imp_?_Syserror_map@std@@YAPEBDH@Z 000000014000e1a0     msvcprt:MSVCP140.dll
 0002:000001a8       __imp_?_Fiopen@std@@YAPEAU_iobuf@@PEBDHH@Z 000000014000e1a8     msvcprt:MSVCP140.dll
 0002:000001b0       __imp_?id@?$codecvt@DDU_Mbstatet@@@std@@2V0locale@2@A 000000014000e1b0     msvcprt:MSVCP140.dll
 0002:000001b8       __imp_?_Xbad_function_call@std@@YAXXZ 000000014000e1b8     msvcprt:MSVCP140.dll
 0002:000001c0       __imp_?_Xout_of_range@std@@YAXPEBD@Z 000000014000e1c0     msvcprt:MSVCP140.dll
 0002:000001c8       __imp_?_Xinvalid_argument@std@@YAXPEBD@Z 000000014000e1c8     msvcprt:MSVCP140.dll
 0002:000001d0       __imp_?_Getgloballocale@locale@std@@CAPEAV_Locimp@12@XZ 000000014000e1d0     msvcprt:MSVCP140.dll
 0002:000001d8       __imp_?_Throw_Cpp_error@std@@YAXH@Z 000000014000e1d8     msvcprt:MSVCP140.dll
 0002:000001e0       __imp_??0_Lockit@std@@QEAA@H@Z 000000014000e1e0     msvcprt:MSVCP140.dll
 0002:000001e8       __imp_??1_Lockit@std@@QEAA@XZ 000000014000e1e8     msvcprt:MSVCP140.dll
 0002:000001f0       __imp__Query_perf_frequency 000000014000e1f0     msvcprt:MSVCP140.dll
 0002:000001f8       __imp_?__ExceptionPtrCopy@@YAXPEAXPEBX@Z 000000014000e1f8     msvcprt:MSVCP140.dll
 0002:00000200       __imp_?__ExceptionPtrCreate@@YAXPEAX@Z 000000014000e200     msvcprt:MSVCP140.dll
 0002:00000208       __imp__Cnd_unregister_at_thread_exit 000000014000e208     msvcprt:MSVCP140.dll
 0002:00000210       __imp_?__ExceptionPtrAssign@@YAXPEAXPEBX@Z 000000014000e210     msvcprt:MSVCP140.dll
 0002:00000218       __imp_?good@ios_base@std@@QEBA_NXZ 000000014000e218     msvcprt:MSVCP140.dll
 0002:00000220       __imp_??6?$basic_ostream@DU?$char_traits@D@std@@@std@@QEAAAEAV01@J@Z 000000014000e220     msvcprt:MSVCP140.dll
 0002:00000228       __imp_??6?$basic_ostream@DU?$char_traits@D@std@@@std@@QEAAAEAV01@P6AAEAV01@AEAV01@@Z@Z 000000014000e228     msvcprt:MSVCP140.dll
 0002:00000230       __imp_?setstate@?$basic_ios@DU?$char_traits@D@std@@@std@@QEAAXH_N@Z 000000014000e230     msvcprt:MSVCP140.dll
 0002:00000238       __imp_?flush@?$basic_ostream@DU?$char_traits@D@std@@@std@@QEAAAEAV12@XZ 000000014000e238     msvcprt:MSVCP140.dll
 0002:00000240       __imp_?_Osfx@?$basic_ostream@DU?$char_traits@D@std@@@std@@QEAAXXZ 000000014000e240     msvcprt:MSVCP140.dll
 0002:00000248       __imp_?sputc@?$basic_streambuf@DU?$char_traits@D@std@@@std@@QEAAHD@Z 000000014000e248     msvcprt:MSVCP140.dll
 0002:00000250       __imp_?put@?$basic_ostream@DU?$char_traits@D@std@@@std@@QEAAAEAV12@D@Z 000000014000e250     msvcprt:MSVCP140.dll
 0002:00000258       __imp_?widen@?$basic_ios@DU?$char_traits@D@std@@@std@@QEBADD@Z 000000014000e258     msvcprt:MSVCP140.dll
 0002:00000260       __imp_?sputn@?$basic_streambuf@DU?$char_traits@D@std@@@std@@QEAA_JPEBD_J@Z 000000014000e260     msvcprt:MSVCP140.dll
 0002:00000268       __imp_?_Xlength_error@std@@YAXPEBD@Z 000000014000e268     msvcprt:MSVCP140.dll
 0002:00000270       __imp_?cerr@std@@3V?$basic_ostream@DU?$char_traits@D@std@@@1@A 000000014000e270     msvcprt:MSVCP140.dll
 0002:00000278       __imp_?uncaught_exception@std@@YA_NXZ 000000014000e278     msvcprt:MSVCP140.dll
 0002:00000280       __imp_?cout@std@@3V?$basic_ostream@DU?$char_traits@D@std@@@1@A 000000014000e280     msvcprt:MSVCP140.dll
 0002:00000288       __imp_?_Xbad_alloc@std@@YAXXZ 000000014000e288     msvcprt:MSVCP140.dll
 0002:00000290       \177MSVCP140_NULL_THUNK_DATA 000000014000e290     msvcprt:MSVCP140.dll
 0002:00000298       __imp_?activate@QMetaObject@@SAXPEAVQObject@@PEBU1@HPEAPEAX@Z 000000014000e298     Qt5Core:Qt5Core.dll
 0002:000002a0       __imp_?qt_metacast@QObject@@UEAAPEAXPEBD@Z 000000014000e2a0     Qt5Core:Qt5Core.dll
 0002:000002a8       __imp_?qt_metacall@QObject@@UEAAHW4Call@QMetaObject@@HPEAPEAX@Z 000000014000e2a8     Qt5Core:Qt5Core.dll
 0002:000002b0       __imp_?dynamicMetaObject@QObjectData@@QEBAPEAUQMetaObject@@XZ 000000014000e2b0     Qt5Core:Qt5Core.dll
 0002:000002b8       __imp_?sharedNull@QArrayData@@SAPEAU1@XZ 000000014000e2b8     Qt5Core:Qt5Core.dll
 0002:000002c0       __imp_??0QDeadlineTimer@@QEAA@W4ForeverConstant@0@W4TimerType@Qt@@@Z 000000014000e2c0     Qt5Core:Qt5Core.dll
 0002:000002c8       __imp_?allocate@QArrayData@@SAPEAU1@_K00V?$QFlags@W4AllocationOption@QArrayData@@@@@Z 000000014000e2c8     Qt5Core:Qt5Core.dll
 0002:000002d0       __imp_?qBadAlloc@@YAXXZ    000000014000e2d0     Qt5Core:Qt5Core.dll
 0002:000002d8       __imp_??0QVariant@@QEAA@AEBVQString@@@Z 000000014000e2d8     Qt5Core:Qt5Core.dll
 0002:000002e0       __imp_??0QVariant@@QEAA@N@Z 000000014000e2e0     Qt5Core:Qt5Core.dll
 0002:000002e8       __imp_?isNull@QVariant@@QEBA_NXZ 000000014000e2e8     Qt5Core:Qt5Core.dll
 0002:000002f0       __imp_?toFloat@QVariant@@QEBAMPEA_N@Z 000000014000e2f0     Qt5Core:Qt5Core.dll
 0002:000002f8       __imp_?staticMetaObject@QThread@@2UQMetaObject@@B 000000014000e2f8     Qt5Core:Qt5Core.dll
 0002:00000300       __imp_?isRunning@QThread@@QEBA_NXZ 000000014000e300     Qt5Core:Qt5Core.dll
 0002:00000308       __imp_?start@QThread@@QEAAXW4Priority@1@@Z 000000014000e308     Qt5Core:Qt5Core.dll
 0002:00000310       __imp_?quit@QThread@@QEAAXXZ 000000014000e310     Qt5Core:Qt5Core.dll
[...]
 0002:00005e08       $chain$1$?setbuf@?$basic_filebuf@DU?$char_traits@D@std@@@std@@MEAAPEAV?$basic_streambuf@DU?$char_traits@D@std@@@2@PEAD_J@Z 0000000140013e08     NIDAQCommunication.obj
 0002:00005e18       $unwind$?seekpos@?$basic_filebuf@DU?$char_traits@D@std@@@std@@MEAA?AV?$fpos@U_Mbstatet@@@2@V32@H@Z 0000000140013e18     NIDAQCommunication.obj
 0002:00005e2c       $unwind$?seekoff@?$basic_filebuf@DU?$char_traits@D@std@@@std@@MEAA?AV?$fpos@U_Mbstatet@@@2@_JHH@Z 0000000140013e2c     NIDAQCommunication.obj
 0002:00005e44       $unwind$?xsputn@?$basic_filebuf@DU?$char_traits@D@std@@@std@@MEAA_JPEBD_J@Z 0000000140013e44     NIDAQCommunication.obj
 0002:00005e5c       $unwind$?xsgetn@?$basic_filebuf@DU?$char_traits@D@std@@@std@@MEAA_JPEAD_J@Z 0000000140013e5c     NIDAQCommunication.obj
 0002:00005e6c       $chain$1$?xsgetn@?$basic_filebuf@DU?$char_traits@D@std@@@std@@MEAA_JPEAD_J@Z 0000000140013e6c     NIDAQCommunication.obj
 0002:00005e80       $chain$2$?xsgetn@?$basic_filebuf@DU?$char_traits@D@std@@@std@@MEAA_JPEAD_J@Z 0000000140013e80     NIDAQCommunication.obj
 0002:00005e90       $unwind$?uflow@?$basic_filebuf@DU?$char_traits@D@std@@@std@@MEAAHXZ 0000000140013e90     NIDAQCommunication.obj
 0002:00005eb0       $cppxdata$?uflow@?$basic_filebuf@DU?$char_traits@D@std@@@std@@MEAAHXZ 0000000140013eb0     NIDAQCommunication.obj
 0002:00005eb9       $stateUnwindMap$?uflow@?$basic_filebuf@DU?$char_traits@D@std@@@std@@MEAAHXZ 0000000140013eb9     NIDAQCommunication.obj
 0002:00005ec0       $ip2state$?uflow@?$basic_filebuf@DU?$char_traits@D@std@@@std@@MEAAHXZ 0000000140013ec0     NIDAQCommunication.obj
 0002:00005ec8       $chain$0$?underflow@?$basic_filebuf@DU?$char_traits@D@std@@@std@@MEAAHXZ 0000000140013ec8     NIDAQCommunication.obj
 0002:00005edc       $chain$2$?underflow@?$basic_filebuf@DU?$char_traits@D@std@@@std@@MEAAHXZ 0000000140013edc     NIDAQCommunication.obj
 0002:00005ef0       $unwind$?overflow@?$basic_filebuf@DU?$char_traits@D@std@@@std@@MEAAHH@Z 0000000140013ef0     NIDAQCommunication.obj
 0002:00005f04       $chain$0$?overflow@?$basic_filebuf@DU?$char_traits@D@std@@@std@@MEAAHH@Z 0000000140013f04     NIDAQCommunication.obj
 0002:00005f18       $chain$1$?overflow@?$basic_filebuf@DU?$char_traits@D@std@@@std@@MEAAHH@Z 0000000140013f18     NIDAQCommunication.obj
 0002:00005f28       $unwind$??1?$basic_filebuf@DU?$char_traits@D@std@@@std@@UEAA@XZ 0000000140013f28     NIDAQCommunication.obj
 0002:00005f38       $cppxdata$??1?$basic_filebuf@DU?$char_traits@D@std@@@std@@UEAA@XZ 0000000140013f38     NIDAQCommunication.obj
 0002:00005f3d       $ip2state$??1?$basic_filebuf@DU?$char_traits@D@std@@@std@@UEAA@XZ 0000000140013f3d     NIDAQCommunication.obj
 0002:00005f40       $unwind$?_Get_value@?$_Associated_state@H@std@@UEAAAEAH_N@Z 0000000140013f40     NIDAQCommunication.obj
 0002:00005f5c       $cppxdata$?_Get_value@?$_Associated_state@H@std@@UEAAAEAH_N@Z 0000000140013f5c     NIDAQCommunication.obj
 0002:00005f65       $stateUnwindMap$?_Get_value@?$_Associated_state@H@std@@UEAAAEAH_N@Z 0000000140013f65     NIDAQCommunication.obj
 0002:00005f6c       $ip2state$?_Get_value@?$_Associated_state@H@std@@UEAAAEAH_N@Z 0000000140013f6c     NIDAQCommunication.obj
 0002:00005f78       $unwind$?_Wait@?$_Associated_state@H@std@@UEAAXXZ 0000000140013f78     NIDAQCommunication.obj
 0002:00005f90       $cppxdata$?_Wait@?$_Associated_state@H@std@@UEAAXXZ 0000000140013f90     NIDAQCommunication.obj
 0002:00005f99       $stateUnwindMap$?_Wait@?$_Associated_state@H@std@@UEAAXXZ 0000000140013f99     NIDAQCommunication.obj
 0002:00005fa0       $ip2state$?_Wait@?$_Associated_state@H@std@@UEAAXXZ 0000000140013fa0     NIDAQCommunication.obj
 0002:00005fa8       $unwind$??_G?$basic_filebuf@DU?$char_traits@D@std@@@std@@UEAAPEAXI@Z 0000000140013fa8     NIDAQCommunication.obj
 0002:00005fbc       $cppxdata$??_G?$basic_filebuf@DU?$char_traits@D@std@@@std@@UEAAPEAXI@Z 0000000140013fbc     NIDAQCommunication.obj
 0002:00005fc5       $ip2state$??_G?$basic_filebuf@DU?$char_traits@D@std@@@std@@UEAAPEAXI@Z 0000000140013fc5     NIDAQCommunication.obj
 0002:00005fc8       $unwind$?_Endwrite@?$basic_filebuf@DU?$char_traits@D@std@@@std@@IEAA_NXZ 0000000140013fc8     NIDAQCommunication.obj
 0002:00005fd8       $chain$0$?_Endwrite@?$basic_filebuf@DU?$char_traits@D@std@@@std@@IEAA_NXZ 0000000140013fd8     NIDAQCommunication.obj
 0002:00005fec       $chain$2$?_Endwrite@?$basic_filebuf@DU?$char_traits@D@std@@@std@@IEAA_NXZ 0000000140013fec     NIDAQCommunication.obj
 0002:00006000       $chain$3$?_Endwrite@?$basic_filebuf@DU?$char_traits@D@std@@@std@@IEAA_NXZ 0000000140014000     NIDAQCommunication.obj
 0002:00006010       $unwind$?close@?$basic_filebuf@DU?$char_traits@D@std@@@std@@QEAAPEAV12@XZ 0000000140014010     NIDAQCommunication.obj
 0002:0000601c       $chain$0$?close@?$basic_filebuf@DU?$char_traits@D@std@@@std@@QEAAPEAV12@XZ 000000014001401c     NIDAQCommunication.obj
 0002:00006030       $chain$1$?close@?$basic_filebuf@DU?$char_traits@D@std@@@std@@QEAAPEAV12@XZ 0000000140014030     NIDAQCommunication.obj
 0002:00006040       $unwind$?_Set_exception@?$_Associated_state@H@std@@QEAAXVexception_ptr@2@_N@Z 0000000140014040     NIDAQCommunication.obj
 0002:0000605c       $cppxdata$?_Set_exception@?$_Associated_state@H@std@@QEAAXVexception_ptr@2@_N@Z 000000014001405c     NIDAQCommunication.obj
 0002:00006065       $stateUnwindMap$?_Set_exception@?$_Associated_state@H@std@@QEAAXVexception_ptr@2@_N@Z 0000000140014065     NIDAQCommunication.obj
 0002:00006078       $ip2state$?_Set_exception@?$_Associated_state@H@std@@QEAAXVexception_ptr@2@_N@Z 0000000140014078     NIDAQCommunication.obj
 0002:00006084       $unwind$?assign@?$basic_string@DU?$char_traits@D@std@@V?$allocator@D@2@@std@@QEAAAEAV12@QEBD_K@Z 0000000140014084     NIDAQCommunication.obj
 0002:00006094       $chain$0$?assign@?$basic_string@DU?$char_traits@D@std@@V?$allocator@D@2@@std@@QEAAAEAV12@QEBD_K@Z 0000000140014094     NIDAQCommunication.obj
 0002:000060a8       $chain$2$?assign@?$basic_string@DU?$char_traits@D@std@@V?$allocator@D@2@@std@@QEAAAEAV12@QEBD_K@Z 00000001400140a8     NIDAQCommunication.obj
 0002:000060a8       $chain$4$?assign@?$basic_string@DU?$char_traits@D@std@@V?$allocator@D@2@@std@@QEAAAEAV12@QEBD_K@Z 00000001400140a8     NIDAQCommunication.obj
 0002:000060bc       $chain$3$?assign@?$basic_string@DU?$char_traits@D@std@@V?$allocator@D@2@@std@@QEAAAEAV12@QEBD_K@Z 00000001400140bc     NIDAQCommunication.obj
 0002:000060cc       $unwind$?open@?$basic_filebuf@DU?$char_traits@D@std@@@std@@QEAAPEAV12@PEBDHH@Z 00000001400140cc     NIDAQCommunication.obj
 0002:000060e4       $cppxdata$?open@?$basic_filebuf@DU?$char_traits@D@std@@@std@@QEAAPEAV12@PEBDHH@Z 00000001400140e4     NIDAQCommunication.obj
 0002:000060ed       $stateUnwindMap$?open@?$basic_filebuf@DU?$char_traits@D@std@@@std@@QEAAPEAV12@PEBDHH@Z 00000001400140ed     NIDAQCommunication.obj
 0002:000060f4       $ip2state$?open@?$basic_filebuf@DU?$char_traits@D@std@@@std@@QEAAPEAV12@PEBDHH@Z 00000001400140f4     NIDAQCommunication.obj
 0002:000060fc       $unwind$??$connect@P8QThread@@EAAXUQPrivateSignal@1@@ZP8QObject@@EAAXXZ@QObject@@SA?AVConnection@QMetaObject@@PEBVQThread@@P83@EAAXUQPrivateSignal@3@@ZPEBV0@P80@EAAXXZW4ConnectionType@Qt@@@Z 00000001400140fc     NIDAQCommunication.obj
 0002:00006110       $unwind$??$use_facet@V?$codecvt@DDU_Mbstatet@@@std@@@std@@YAAEBV?$codecvt@DDU_Mbstatet@@@0@AEBVlocale@0@@Z 0000000140014110     NIDAQCommunication.obj
 0002:00006130       $cppxdata$??$use_facet@V?$codecvt@DDU_Mbstatet@@@std@@@std@@YAAEBV?$codecvt@DDU_Mbstatet@@@0@AEBVlocale@0@@Z 0000000140014130     NIDAQCommunication.obj
 0002:00006139       $stateUnwindMap$??$use_facet@V?$codecvt@DDU_Mbstatet@@@std@@@std@@YAAEBV?$codecvt@DDU_Mbstatet@@@0@AEBVlocale@0@@Z 0000000140014139     NIDAQCommunication.obj
 0002:00006146       $ip2state$??$use_facet@V?$codecvt@DDU_Mbstatet@@@std@@@std@@YAAEBV?$codecvt@DDU_Mbstatet@@@0@AEBVlocale@0@@Z 0000000140014146     NIDAQCommunication.obj
 0002:00006150       $unwind$??$_Reallocate_grow_by@V<lambda_1>@?1??push_back@?$basic_string@DU?$char_traits@D@std@@V?$allocator@D@2@@std@@QEAAXD@Z@D@?$basic_string@DU?$char_traits@D@std@@V?$allocator@D@2@@std@@AEAAAEAV01@_KV<lambda_1>@?1??push_back@01@QEAAXD@Z@D@Z 0000000140014150     NIDAQCommunication.obj
 0002:00006160       $chain$2$??$_Reallocate_grow_by@V<lambda_1>@?1??push_back@?$basic_string@DU?$char_traits@D@std@@V?$allocator@D@2@@std@@QEAAXD@Z@D@?$basic_string@DU?$char_traits@D@std@@V?$allocator@D@2@@std@@AEAAAEAV01@_KV<lambda_1>@?1??push_back@01@QEAAXD@Z@D@Z 0000000140014160     NIDAQCommunication.obj
 0002:0000617c       $chain$3$??$_Reallocate_grow_by@V<lambda_1>@?1??push_back@?$basic_string@DU?$char_traits@D@std@@V?$allocator@D@2@@std@@QEAAXD@Z@D@?$basic_string@DU?$char_traits@D@std@@V?$allocator@D@2@@std@@AEAAAEAV01@_KV<lambda_1>@?1??push_back@01@QEAAXD@Z@D@Z 000000014001417c     NIDAQCommunication.obj
 0002:0000618c       $chain$4$??$_Reallocate_grow_by@V<lambda_1>@?1??push_back@?$basic_string@DU?$char_traits@D@std@@V?$allocator@D@2@@std@@QEAAXD@Z@D@?$basic_string@DU?$char_traits@D@std@@V?$allocator@D@2@@std@@AEAAAEAV01@_KV<lambda_1>@?1??push_back@01@QEAAXD@Z@D@Z 000000014001418c     NIDAQCommunication.obj
 0002:000061a8       $unwind$??$_Reallocate_grow_by@V<lambda_1>@?1??append@?$basic_string@DU?$char_traits@D@std@@V?$allocator@D@2@@std@@QEAAAEAV34@QEBD_K@Z@PEBD_K@?$basic_string@DU?$char_traits@D@std@@V?$allocator@D@2@@std@@AEAAAEAV01@_KV<lambda_1>@?1??append@01@QEAAAEAV01@QEBD0@Z@PEBD_K@Z 00000001400141a8     NIDAQCommunication.obj
 0002:000061b8       $chain$3$??$_Reallocate_grow_by@V<lambda_1>@?1??append@?$basic_string@DU?$char_traits@D@std@@V?$allocator@D@2@@std@@QEAAAEAV34@QEBD_K@Z@PEBD_K@?$basic_string@DU?$char_traits@D@std@@V?$allocator@D@2@@std@@AEAAAEAV01@_KV<lambda_1>@?1??append@01@QEAAAEAV01@QEBD0@Z@PEBD_K@Z 00000001400141b8     NIDAQCommunication.obj
 0002:000061d8       $chain$4$??$_Reallocate_grow_by@V<lambda_1>@?1??append@?$basic_string@DU?$char_traits@D@std@@V?$allocator@D@2@@std@@QEAAAEAV34@QEBD_K@Z@PEBD_K@?$basic_string@DU?$char_traits@D@std@@V?$allocator@D@2@@std@@AEAAAEAV01@_KV<lambda_1>@?1??append@01@QEAAAEAV01@QEBD0@Z@PEBD_K@Z 00000001400141d8     NIDAQCommunication.obj
 0002:000061e8       $chain$5$??$_Reallocate_grow_by@V<lambda_1>@?1??append@?$basic_string@DU?$char_traits@D@std@@V?$allocator@D@2@@std@@QEAAAEAV34@QEBD_K@Z@PEBD_K@?$basic_string@DU?$char_traits@D@std@@V?$allocator@D@2@@std@@AEAAAEAV01@_KV<lambda_1>@?1??append@01@QEAAAEAV01@QEBD0@Z@PEBD_K@Z 00000001400141e8     NIDAQCommunication.obj
 0002:00006208       $unwind$?realloc@?$QVector@N@@AEAAXHV?$QFlags@W4AllocationOption@QArrayData@@@@@Z 0000000140014208     NIDAQCommunication.obj
 0002:0000621c       $cppxdata$?realloc@?$QVector@N@@AEAAXHV?$QFlags@W4AllocationOption@QArrayData@@@@@Z 000000014001421c     NIDAQCommunication.obj
 0002:00006229       $stateUnwindMap$?realloc@?$QVector@N@@AEAAXHV?$QFlags@W4AllocationOption@QArrayData@@@@@Z 0000000140014229     NIDAQCommunication.obj
 0002:0000622e       $tryMap$?realloc@?$QVector@N@@AEAAXHV?$QFlags@W4AllocationOption@QArrayData@@@@@Z 000000014001422e     NIDAQCommunication.obj
 0002:00006236       $handlerMap$?realloc@?$QVector@N@@AEAAXHV?$QFlags@W4AllocationOption@QArrayData@@@@@Z 0000000140014236     NIDAQCommunication.obj
 0002:0000623d       $ip2state$?realloc@?$QVector@N@@AEAAXHV?$QFlags@W4AllocationOption@QArrayData@@@@@Z 000000014001423d     NIDAQCommunication.obj
 0002:00006240       $unwind$?_Call_immediate@?$_Packaged_state@$$A6AXXZ@std@@QEAAXXZ 0000000140014240     NIDAQCommunication.obj
 0002:00006258       $cppxdata$?_Call_immediate@?$_Packaged_state@$$A6AXXZ@std@@QEAAXXZ 0000000140014258     NIDAQCommunication.obj
 0002:00006265       $stateUnwindMap$?_Call_immediate@?$_Packaged_state@$$A6AXXZ@std@@QEAAXXZ 0000000140014265     NIDAQCommunication.obj
 0002:0000626e       $tryMap$?_Call_immediate@?$_Packaged_state@$$A6AXXZ@std@@QEAAXXZ 000000014001426e     NIDAQCommunication.obj
 0002:00006276       $handlerMap$?_Call_immediate@?$_Packaged_state@$$A6AXXZ@std@@QEAAXXZ 0000000140014276     NIDAQCommunication.obj
 0002:0000627f       $ip2state$?_Call_immediate@?$_Packaged_state@$$A6AXXZ@std@@QEAAXXZ 000000014001427f     NIDAQCommunication.obj
 0002:0000628c       $unwind$?_Do_call@?$_Func_impl_no_alloc@V?$_Fake_no_copy_callable_adapter@V<lambda_1>@?1???$create@V<lambda_1>@?1??StartOutputAcquisition@NIDAQCommunication@@QEAA_NXZ@$$V@QThread@@SAPEAV2@$$QEAV1?1??StartOutputAcquisition@NIDAQCommunication@@QEAA_NXZ@@Z@@std@@X$$V@std@@EEAAXXZ 000000014001428c     NIDAQCommunication.obj
 0002:0000629c       $cppxdata$?_Do_call@?$_Func_impl_no_alloc@V?$_Fake_no_copy_callable_adapter@V<lambda_1>@?1???$create@V<lambda_1>@?1??StartOutputAcquisition@NIDAQCommunication@@QEAA_NXZ@$$V@QThread@@SAPEAV2@$$QEAV1?1??StartOutputAcquisition@NIDAQCommunication@@QEAA_NXZ@@Z@@std@@X$$V@std@@EEAAXXZ 000000014001429c     NIDAQCommunication.obj
 0002:000062a5       $ip2state$?_Do_call@?$_Func_impl_no_alloc@V?$_Fake_no_copy_callable_adapter@V<lambda_1>@?1???$create@V<lambda_1>@?1??StartOutputAcquisition@NIDAQCommunication@@QEAA_NXZ@$$V@QThread@@SAPEAV2@$$QEAV1?1??StartOutputAcquisition@NIDAQCommunication@@QEAA_NXZ@@Z@@std@@X$$V@std@@EEAAXXZ 00000001400142a5     NIDAQCommunication.obj
 0002:000062ac       $unwind$?DataAcquired@NIDAQCommunication@@QEAAXPEANH@Z 00000001400142ac     moc_NIDAQCommunication.obj
 0002:000062ac       $unwind$?qt_static_metacall@NIDAQCommunication@@CAXPEAVQObject@@W4Call@QMetaObject@@HPEAPEAX@Z 00000001400142ac     moc_NIDAQCommunication.obj
 0002:000062bc       $unwind$?qt_metacall@NIDAQCommunication@@UEAAHW4Call@QMetaObject@@HPEAPEAX@Z 00000001400142bc     moc_NIDAQCommunication.obj
 0002:000062d0       $xdatasym                  00000001400142d0     MSVCRT:amdsecgs.obj
 0002:000062d4       $unwind$__scrt_is_nonwritable_in_current_image 00000001400142d4     MSVCRT:utility.obj
 0002:000062f4       $unwind$__scrt_is_nonwritable_in_current_image$filt$0 00000001400142f4     MSVCRT:utility.obj
 0002:000062fc       $unwind$?__scrt_common_main_seh@@YAHXZ 00000001400142fc     MSVCRT:exe_winmain.obj
 0002:00006330       $unwind$__report_gsfailure 0000000140014330     MSVCRT:gs_report.obj
 0002:00006338       $unwind$capture_previous_context 0000000140014338     MSVCRT:gs_report.obj
 0002:00006344       $unwind$__isa_available_init 0000000140014344     MSVCRT:cpu_disp.obj
 0002:00006358       $unwind$__scrt_get_show_window_mode 0000000140014358     MSVCRT:utility_desktop.obj
 0002:00006360       $unwind$__scrt_fastfail    0000000140014360     MSVCRT:utility_desktop.obj
 0002:00006370       $unwind$__security_init_cookie 0000000140014370     MSVCRT:gs_support.obj
 0002:00006380       $xdatasym                  0000000140014380     MSVCRT:guard_dispatch.obj
 0002:00006388       $xdatasym                  0000000140014388     MSVCRT:guard_xfg_dispatch.obj
 0002:0000638c       $unwind$WinMain            000000014001438c     qtmain:qtmain_win.obj
 0002:000063a0       $chain$4$WinMain           00000001400143a0     qtmain:qtmain_win.obj
 0002:000063bc       $chain$5$WinMain           00000001400143bc     qtmain:qtmain_win.obj
 0002:000063cc       $unwind$__GSHandlerCheckCommon 00000001400143cc     MSVCRT:gshandler.obj
 0002:000063d4       $unwind$__GSHandlerCheck_EH4 00000001400143d4     MSVCRT:gshandlereh4.obj
 0002:000079be       .idata$6                   00000001400159be     NIDAQmx:nicaiu.dll
 0002:00007bfc       .idata$6                   0000000140015bfc     Qt5Xlsx:Qt5Xlsx.dll
 0002:0000b568       .idata$6                   0000000140019568     Qt5Widgets:Qt5Widgets.dll
 0002:0000b608       .idata$6                   0000000140019608     Qt5Gui:Qt5Gui.dll
 0002:0000c0ba       .idata$6                   000000014001a0ba     Qt5Core:Qt5Core.dll
 0002:0000cd1a       .idata$6                   000000014001ad1a     msvcprt:MSVCP140.dll
 0002:0000ce08       .idata$6                   000000014001ae08     vcruntime:VCRUNTIME140_1.dll
 0002:0000ce1c       .idata$6                   000000014001ae1c     vcruntime:VCRUNTIME140.dll
 0002:0000d0cc       .idata$6                   000000014001b0cc     ucrt:api-ms-win-crt-runtime-l1-1-0.dll
 0002:0000d0ee       .idata$6                   000000014001b0ee     ucrt:api-ms-win-crt-stdio-l1-1-0.dll
 0002:0000d10e       .idata$6                   000000014001b10e     ucrt:api-ms-win-crt-filesystem-l1-1-0.dll
 0002:0000d134       .idata$6                   000000014001b134     ucrt:api-ms-win-crt-convert-l1-1-0.dll
 0002:0000d156       .idata$6                   000000014001b156     ucrt:api-ms-win-crt-heap-l1-1-0.dll
 0002:0000d176       .idata$6                   000000014001b176     ucrt:api-ms-win-crt-math-l1-1-0.dll
 0002:0000d196       .idata$6                   000000014001b196     ucrt:api-ms-win-crt-locale-l1-1-0.dll
 0002:0000d328       .idata$6                   000000014001b328     kernel32:KERNEL32.dll
 0002:0000d380       .idata$6                   000000014001b380     shell32:SHELL32.dll
 0003:000000e0       ?qt_meta_stringdata_NIDAQ@@3Uqt_meta_stringdata_NIDAQ_t@@B 000000014001c0e0     moc_NIDAQ.obj
 0003:00000130       ?qt_meta_stringdata_NIDAQCommunication@@3Uqt_meta_stringdata_NIDAQCommunication_t@@B 000000014001c130     moc_NIDAQCommunication.obj
 0003:00000228       ?qt_meta_stringdata_ArtDAQ@@3Uqt_meta_stringdata_ArtDAQ_t@@B 000000014001c228     moc_ArtDAQ.obj
 0003:000003a0       ??_R0?AV?$_Fake_no_copy_callable_adapter@V<lambda_1>@?1???$create@V<lambda_1>@?1??StartOutputAcquisition@NIDAQCommunication@@QEAA_NXZ@$$V@QThread@@SAPEAV2@$$QEAV1?1??StartOutputAcquisition@NIDAQCommunication@@QEAA_NXZ@@Z@@std@@@8 000000014001c3a0     NIDAQCommunication.obj
 0003:00000510       ??_R0?AV?$_Fake_no_copy_callable_adapter@V<lambda_1>@?1???$create@V<lambda_1>@?1??StartAcquisition@NIDAQCommunication@@QEAA_NXZ@$$V@QThread@@SAPEAV2@$$QEAV1?1??StartAcquisition@NIDAQCommunication@@QEAA_NXZ@@Z@@std@@@8 000000014001c510     NIDAQCommunication.obj
 0003:00000a90       ??_R0?AV?$_Func_impl_no_alloc@V?$_Fake_no_copy_callable_adapter@V<lambda_1>@?1???$create@V<lambda_1>@?1??StartOutputAcquisition@NIDAQCommunication@@QEAA_NXZ@$$V@QThread@@SAPEAV2@$$QEAV1?1??StartOutputAcquisition@NIDAQCommunication@@QEAA_NXZ@@Z@@std@@X$$V@std@@@8 000000014001ca90     NIDAQCommunication.obj
 0003:00000e30       ??_R0?AV?$_Func_impl_no_alloc@V?$_Fake_no_copy_callable_adapter@V<lambda_1>@?1???$create@V<lambda_1>@?1??StartAcquisition@NIDAQCommunication@@QEAA_NXZ@$$V@QThread@@SAPEAV2@$$QEAV1?1??StartAcquisition@NIDAQCommunication@@QEAA_NXZ@@Z@@std@@X$$V@std@@@8 000000014001ce30     NIDAQCommunication.obj
 0003:00000f40       ?_Fac_head@std@@3PEAU_Fac_node@1@EA 000000014001cf40     msvcprt:locale0_implib.obj
 0003:00000f48       ?_Fac_tidy_reg@std@@3U_Fac_tidy_reg_t@1@B 000000014001cf48     msvcprt:locale0_implib.obj
 0003:00000f50       ?g_tss_cv@@3U_RTL_CONDITION_VARIABLE@@A 000000014001cf50     MSVCRT:thread_safe_statics.obj
 0003:00000f58       ?g_tss_srw@@3U_RTL_SRWLOCK@@A 000000014001cf58     MSVCRT:thread_safe_statics.obj
 0003:00000f70       ?is_initialized_as_dll@@3_NA 000000014001cf70     MSVCRT:utility.obj
 0003:00000f71       ?module_local_atexit_table_initialized@@3_NA 000000014001cf71     MSVCRT:utility.obj
 0003:00000f78       ?module_local_atexit_table@@3U_onexit_table_t@@A 000000014001cf78     MSVCRT:utility.obj
 0003:00000f90       ?module_local_at_quick_exit_table@@3U_onexit_table_t@@A 000000014001cf90     MSVCRT:utility.obj
 0003:00000fb0       GS_ExceptionRecord         000000014001cfb0     MSVCRT:gs_report.obj
 0003:00001050       GS_ContextRecord           000000014001d050     MSVCRT:gs_report.obj
 0003:00001560       ?dummy@?A0xf912bd1f@@3Uinitializer@1@A 000000014001d560     qrc_NIDAQ.obj
 0005:00000060       $R000000                   000000014001f060     * linker generated manifest res *
